---
source: crates/docspec-docx-reader/tests/pandoc_corpus.rs
expression: snapshot
---
ReaderFixtureSnapshot {
  events: [
       0: StartDocument { id: None, language: None, metadata: None }
       1: StartParagraph { alignment: None, id: None }
       2: Text { content: "Next, open the terminal window. Using the terminal window, run the \"" }
       3: Text { content: "ifconfig" }
       4: Text { content: " -a\" command to list all the interfaces on your system, as shown here." }
       5: EndParagraph
       6: StartParagraph { alignment: None, id: None }
       7: Text { content: "\t" }
       8: EndParagraph
       9: StartPreformatted { id: None, syntax: None }
      10: Text { content: "# ifconfig -a" }
      11: LineBreak
      12: Text { content: "eth0      Link encap:Ethernet  HWaddr 00:0c:29:69:12:7c  " }
      13: LineBreak
      14: Text { content: "          inet addr:172.16.0.108  Bcast:172.16.0.255  Mask:255.255.255.0" }
      15: LineBreak
      16: Text { content: "          inet6 addr: fc00:660:0:1:20c:29ff:fe69:127c/64 Scope:Global" }
      17: LineBreak
      18: Text { content: "          inet6 addr: fe80::20c:29ff:fe69:127c/64 Scope:Link" }
      19: LineBreak
      20: Text { content: "          UP BROADCAST RUNNING MULTICAST  MTU:1500  Metric:1" }
      21: LineBreak
      22: Text { content: "          RX packets:9859 errors:0 dropped:0 overruns:0 frame:0" }
      23: LineBreak
      24: Text { content: "          TX packets:1399 errors:0 dropped:0 overruns:0 carrier:0" }
      25: LineBreak
      26: Text { content: "          collisions:0 txqueuelen:1000 " }
      27: LineBreak
      28: Text { content: "          RX bytes:1920894 (1.8 MiB)  TX bytes:233088 (227.6 KiB)" }
      29: LineBreak
      30: Text { content: "          Interrupt:19 Base address:0x2000 " }
      31: LineBreak
      32: LineBreak
      33: Text { content: "lo        Link encap:Local Loopback  " }
      34: LineBreak
      35: Text { content: "          inet addr:127.0.0.1  Mask:255.0.0.0" }
      36: LineBreak
      37: Text { content: "          inet6 addr: ::1/128 Scope:Host" }
      38: LineBreak
      39: Text { content: "          UP LOOPBACK RUNNING  MTU:65536  Metric:1" }
      40: LineBreak
      41: Text { content: "          RX packets:372 errors:0 dropped:0 overruns:0 frame:0" }
      42: LineBreak
      43: Text { content: "          TX packets:372 errors:0 dropped:0 overruns:0 carrier:0" }
      44: LineBreak
      45: Text { content: "          collisions:0 txqueuelen:0 " }
      46: LineBreak
      47: Text { content: "          RX bytes:22320 (21.7 KiB)  TX bytes:22320 (21.7 KiB)" }
      48: LineBreak
      49: LineBreak
      50: Text { content: "wlan0     Link encap:Ethernet  HWaddr 00:c0:ca:85:00:ba  " }
      51: LineBreak
      52: Text { content: "          UP BROADCAST RUNNING MULTICAST  MTU:1500  Metric:1" }
      53: LineBreak
      54: Text { content: "          RX packets:0 errors:0 dropped:0 overruns:0 frame:0" }
      55: LineBreak
      56: Text { content: "          TX packets:0 errors:0 dropped:0 overruns:0 carrier:0" }
      57: LineBreak
      58: Text { content: "          collisions:0 txqueuelen:1000 " }
      59: LineBreak
      60: Text { content: "          RX bytes:0 (0.0 B)  TX bytes:0 (0.0 B)" }
      61: EndPreformatted
      62: StartParagraph { alignment: None, id: None }
      63: EndParagraph
      64: StartParagraph { alignment: None, id: None }
      65: Text { content: "The ALFA wireless card is represented by the \"wlan0\" interface." }
      66: EndParagraph
      67: StartParagraph { alignment: None, id: None }
      68: Text { content: "In addition to the interfaces shown in the " }
      69: Text { content: "ifconfig" }
      70: Text { content: " output, there is " }
      71: Text { content: "another" }
      72: Text { content: " interface known as the " }
      73: StartTextStyle { kind: Italic, id: None }
      74: Text { content: "wireless physical interface" }
      75: EndTextStyle
      76: Text { content: ". " }
      77: Text { content: "We can identify this interface by listing the contents of the " }
      78: Text { content: "/sys/class/ieee80211" }
      79: Text { content: " directory, as shown" }
      80: Text { content: "." }
      81: EndParagraph
      82: StartParagraph { alignment: None, id: None }
      83: Text { content: "\t" }
      84: EndParagraph
      85: StartPreformatted { id: None, syntax: None }
      86: Text { content: "# ls /sys/class/ieee80211/" }
      87: LineBreak
      88: Text { content: "phy0" }
      89: EndPreformatted
      90: StartParagraph { alignment: None, id: None }
      91: EndParagraph
      92: StartParagraph { alignment: None, id: None }
      93: Text { content: "The \"phy0\" interface is the parent interface used to create child interfaces. Note that if you unplug and " }
      94: Text { content: "replug" }
      95: Text { content: " the USB interface, the \"" }
      96: Text { content: "phy" }
      97: Text { content: "\" interface number will increment by one until you reboot your system." }
      98: EndParagraph
      99: StartParagraph { alignment: None, id: None }
     100: EndParagraph
     101: EndDocument
  ],
  terminal: Ok,
}
