---
source: crates/docspec-docx-reader/tests/snapshots.rs
expression: from_reader_snapshot
---
ReaderFixtureSnapshot {
  events: [
    StartDocument { id: None, language: None, metadata: None },
    StartParagraph { alignment: None, id: None },
    Text { content: "Test" },
    EndParagraph,
    StartParagraph { alignment: None, id: None },
    EndParagraph,
    StartParagraph { alignment: None, id: None },
    Text { content: "This is " },
    StartTextStyle { kind: Italic, id: None },
    Text { content: "italic" },
    EndTextStyle,
    Text { content: ", " },
    StartTextStyle { kind: Bold, id: None },
    Text { content: "bold" },
    EndTextStyle,
    Text { content: ", " },
    StartTextStyle { kind: Underline, id: None },
    Text { content: "underlined" },
    EndTextStyle,
    Text { content: ", " },
    StartTextStyle { kind: Italic, id: None },
    StartTextStyle { kind: Underline, id: None },
    Text { content: "italic underlined" },
    EndTextStyle,
    EndTextStyle,
    Text { content: ", " },
    StartTextStyle { kind: Bold, id: None },
    StartTextStyle { kind: Underline, id: None },
    Text { content: "bold underlined" },
    EndTextStyle,
    EndTextStyle,
    Text { content: ", " },
    StartTextStyle { kind: Bold, id: None },
    StartTextStyle { kind: Italic, id: None },
    StartTextStyle { kind: Underline, id: None },
    Text { content: "bold italic underlined" },
    EndTextStyle,
    EndTextStyle,
    EndTextStyle,
    Text { content: "." },
    EndParagraph,
    StartParagraph { alignment: None, id: None },
    EndParagraph,
    EndDocument,
  ],
  terminal: Ok,
}
