---
source: crates/docspec-docx-reader/tests/snapshots.rs
expression: from_reader_snapshot
---
ReaderFixtureSnapshot {
  events: [
    StartDocument { id: None, language: None, metadata: None },
    StartParagraph { alignment: None, id: None },
    StartLink { href: "#_APPENDIX_5:_FINANCIAL", id: None, title: None },
    Text { content: "A" },
    Text { content: " link to " },
    Text { content: "the" },
    Text { content: " bookmark" },
    EndLink,
    EndParagraph,
    StartParagraph { alignment: Some(Justify), id: None },
    StartTextStyle { kind: Bold, id: None },
    Text { content: "Accomplices" },
    EndTextStyle,
    StartTextStyle { kind: Bold, id: None },
    Text { content: ":" },
    EndTextStyle,
    EndParagraph,
    StartParagraph { alignment: Some(Justify), id: None },
    Text { content: "There are bookmarks around here" },
    Text { content: "." },
    EndParagraph,
    StartParagraph { alignment: Some(Justify), id: None },
    EndParagraph,
    StartParagraph { alignment: Some(Justify), id: None },
    EndParagraph,
    StartHeading { id: None, level: 1 },
    Text { content: "Referenced " },
    Text { content: "title" },
    EndHeading,
    StartParagraph { alignment: None, id: None },
    Text { content: "Content" },
    EndParagraph,
    EndDocument,
  ],
  terminal: Ok,
}
