---
source: crates/docspec-docx-reader/tests/snapshots.rs
expression: from_reader_snapshot
---
ReaderFixtureSnapshot {
  events: [
    StartDocument { id: None, language: None, metadata: None },
    StartParagraph { alignment: None, id: None },
    Text { content: "This is all in an " },
    StartTextStyle { kind: Bold, id: None },
    Text { content: "italic style" },
    EndTextStyle,
    Text { content: "." },
    EndParagraph,
    StartParagraph { alignment: None, id: None },
    EndParagraph,
    StartParagraph { alignment: None, id: None },
    Text { content: "This is an italic " },
    Text { content: "style" },
    Text { content: " with some " },
    Text { content: "words" },
    Text { content: " " },
    Text { content: "unitalicized" },
    Text { content: "." },
    EndParagraph,
    StartParagraph { alignment: None, id: None },
    EndParagraph,
    StartParagraph { alignment: None, id: None },
    Text { content: "This is all in a " },
    StartTextStyle { kind: Italic, id: None },
    Text { content: "strong style" },
    EndTextStyle,
    Text { content: "." },
    EndParagraph,
    StartParagraph { alignment: None, id: None },
    EndParagraph,
    StartParagraph { alignment: None, id: None },
    Text { content: "This is a" },
    Text { content: " strong " },
    Text { content: "style" },
    Text { content: " with some " },
    Text { content: "words" },
    Text { content: " " },
    Text { content: "u" },
    Text { content: "bolded" },
    Text { content: "." },
    EndParagraph,
    StartParagraph { alignment: None, id: None },
    EndParagraph,
    EndDocument,
  ],
  terminal: Ok,
}
