---
source: crates/docspec-docx-reader/tests/snapshots.rs
expression: from_reader_snapshot
---
ReaderFixtureSnapshot {
  events: [
    StartDocument { id: None, language: None, metadata: None },
    StartParagraph { alignment: None, id: None },
    Text { content: "This is some code:" },
    EndParagraph,
    StartPreformatted { id: None, syntax: None },
    StartTextStyle { kind: Code, id: None },
    Text { content: "readDocx :: ReaderOptions" },
    EndTextStyle,
    LineBreak,
    StartTextStyle { kind: Code, id: None },
    Text { content: "         -> B.ByteString" },
    EndTextStyle,
    LineBreak,
    StartTextStyle { kind: Code, id: None },
    Text { content: "         -> Pandoc" },
    EndTextStyle,
    EndPreformatted,
    StartParagraph { alignment: None, id: None },
    Text { content: "from the beginning of the docx reader." },
    EndParagraph,
    EndDocument,
  ],
  terminal: Ok,
}
