---
source: crates/docspec-docx-reader/tests/snapshots.rs
expression: from_reader_snapshot
---
ReaderFixtureSnapshot {
  events: [
    StartDocument { id: None, language: None, metadata: None },
    StartParagraph { alignment: None, id: None },
    Text { content: "This is a " },
    Text { content: "comment" },
    Text { content: " with some formatting " },
    Text { content: "that we probably won’t be able to handle. Here we go." },
    EndParagraph,
    EndDocument,
  ],
  terminal: Ok,
}
