---
source: crates/docspec-docx-reader/tests/snapshots.rs
expression: from_reader_snapshot
---
ReaderFixtureSnapshot {
  events: [
    StartDocument { id: None, language: None, metadata: None },
    StartOrderedListItem { id: Some("1"), level: 0, start: Some(1), style_type: Decimal },
    StartParagraph { alignment: None, id: None },
    Text { content: "This is at the first level" },
    EndParagraph,
    StartOrderedListItem { id: Some("1"), level: 1, start: None, style_type: LowerAlpha },
    StartParagraph { alignment: None, id: None },
    Text { content: "This " },
    Text { content: "is at the second " },
    Text { content: "level" },
    EndParagraph,
    StartOrderedListItem { id: Some("1"), level: 2, start: None, style_type: LowerRoman },
    StartParagraph { alignment: None, id: None },
    Text { content: "This is " },
    StartTextStyle { kind: Italic, id: None },
    Text { content: "at " },
    EndTextStyle,
    StartTextStyle { kind: Bold, id: None },
    StartTextStyle { kind: Italic, id: None },
    Text { content: "the " },
    EndTextStyle,
    EndTextStyle,
    StartTextStyle { kind: Bold, id: None },
    StartTextStyle { kind: Italic, id: None },
    StartTextStyle { kind: Mark(Rgb { b: 0, g: 255, r: 0 }), id: None },
    Text { content: "t" },
    EndTextStyle,
    EndTextStyle,
    EndTextStyle,
    StartTextStyle { kind: Bold, id: None },
    StartTextStyle { kind: Italic, id: None },
    StartTextStyle { kind: Mark(Rgb { b: 255, g: 255, r: 0 }), id: None },
    Text { content: "h" },
    EndTextStyle,
    EndTextStyle,
    EndTextStyle,
    StartTextStyle { kind: Bold, id: None },
    StartTextStyle { kind: Italic, id: None },
    Text { content: "i" },
    EndTextStyle,
    EndTextStyle,
    StartTextStyle { kind: Bold, id: None },
    StartTextStyle { kind: Italic, id: None },
    StartTextStyle { kind: Mark(Rgb { b: 255, g: 0, r: 0 }), id: None },
    Text { content: "r" },
    EndTextStyle,
    EndTextStyle,
    EndTextStyle,
    StartTextStyle { kind: Bold, id: None },
    StartTextStyle { kind: Italic, id: None },
    StartTextStyle { kind: Mark(Rgb { b: 0, g: 0, r: 255 }), id: None },
    Text { content: "d" },
    EndTextStyle,
    EndTextStyle,
    EndTextStyle,
    StartTextStyle { kind: Bold, id: None },
    StartTextStyle { kind: Italic, id: None },
    Text { content: " level" },
    EndTextStyle,
    EndTextStyle,
    StartTextStyle { kind: Italic, id: None },
    Text { content: ", and I want to" },
    EndTextStyle,
    Text { content: " test normalization here." },
    EndParagraph,
    EndOrderedListItem,
    EndOrderedListItem,
    EndOrderedListItem,
    EndDocument,
  ],
  terminal: Ok,
}
