---
source: crates/docspec-docx-reader/tests/pandoc_corpus.rs
expression: snapshot
---
ReaderFixtureSnapshot {
  events: [
       0: StartDocument { id: None, language: None, metadata: None }
       1: StartHeading { id: None, level: 1 }
       2: Text { content: "Diagram after:" }
       3: EndHeading
       4: StartParagraph { alignment: None, id: None }
       5: EndParagraph
       6: EndDocument
  ],
  terminal: Ok,
}
