---
source: crates/docspec-docx-reader/tests/snapshots.rs
expression: from_reader_snapshot
---
ReaderFixtureSnapshot {
  events: [
    StartDocument { id: None, language: None, metadata: None },
    StartHeading { id: None, level: 1 },
    Text { content: "H1" },
    EndHeading,
    StartHeading { id: None, level: 2 },
    Text { content: "H2" },
    EndHeading,
    StartHeading { id: None, level: 3 },
    Text { content: "H3" },
    EndHeading,
    StartParagraph { alignment: None, id: None },
    Text { content: "And some text" },
    EndParagraph,
    EndDocument,
  ],
  terminal: Ok,
}
