---
source: crates/docspec-docx-reader/tests/snapshots.rs
assertion_line: 56
expression: from_reader_snapshot
---
ReaderFixtureSnapshot {
  events: [
       0: StartDocument { id: None, language: None, metadata: None }
       1: StartUnorderedListItem { id: Some("1"), level: 0, style_type: Disc }
       2: StartParagraph { alignment: None, id: None }
       3: Text { content: "One" }
       4: Text { content: " " }
       5: Text { content: "level" }
       6: Text { content: " " }
       7: Text { content: "of" }
       8: Text { content: " " }
       9: Text { content: "the" }
      10: Text { content: " " }
      11: Text { content: "list" }
      12: Text { content: "." }
      13: EndParagraph
      14: EndUnorderedListItem
      15: StartUnorderedListItem { id: Some("1"), level: 0, style_type: Disc }
      16: StartParagraph { alignment: None, id: None }
      17: Text { content: "Second " }
      18: Text { content: "level" }
      19: Text { content: " " }
      20: Text { content: "of" }
      21: Text { content: " " }
      22: Text { content: "the" }
      23: Text { content: " " }
      24: Text { content: "list" }
      25: Text { content: "." }
      26: EndParagraph
      27: StartUnorderedListItem { id: Some("1"), level: 1, style_type: Disc }
      28: StartParagraph { alignment: None, id: None }
      29: Text { content: "Next " }
      30: Text { content: "level" }
      31: Text { content: " " }
      32: Text { content: "of" }
      33: Text { content: " " }
      34: Text { content: "the" }
      35: Text { content: " " }
      36: Text { content: "list" }
      37: EndParagraph
      38: EndUnorderedListItem
      39: EndUnorderedListItem
      40: StartUnorderedListItem { id: Some("1"), level: 0, style_type: Disc }
      41: StartParagraph { alignment: None, id: None }
      42: Text { content: "Back " }
      43: Text { content: "to" }
      44: Text { content: " t" }
      45: Text { content: "he top " }
      46: Text { content: "level" }
      47: Text { content: "." }
      48: EndParagraph
      49: EndUnorderedListItem
      50: EndDocument
  ],
  terminal: Ok,
}
