---
source: crates/docspec-docx-reader/tests/snapshots.rs
expression: from_reader_snapshot
---
ReaderFixtureSnapshot {
  events: [
    StartDocument { id: None, language: None, metadata: None },
    StartHeading { id: None, level: 1 },
    Text { content: "This is Heading 1" },
    EndHeading,
    StartHeading { id: None, level: 2 },
    Text { content: "This is Heading 2" },
    EndHeading,
    StartBlockQuote { id: None },
    Text { content: "This is Quote" },
    EndBlockQuote,
    StartBlockQuote { id: None },
    Text { content: "This is Block Text" },
    EndBlockQuote,
    StartUnorderedListItem { id: Some("11"), level: 0, style_type: Disc },
    StartParagraph { alignment: None, id: None },
    Text { content: "This is list item 1" },
    EndParagraph,
    EndUnorderedListItem,
    StartUnorderedListItem { id: Some("11"), level: 0, style_type: Disc },
    StartParagraph { alignment: None, id: None },
    Text { content: "This is list item 2" },
    EndParagraph,
    EndUnorderedListItem,
    EndDocument,
  ],
  terminal: Ok,
}
