---
source: crates/docspec-docx-reader/tests/snapshots.rs
expression: from_reader_snapshot
---
ReaderFixtureSnapshot {
  events: [
    StartDocument { id: None, language: None, metadata: None },
    StartParagraph { alignment: Some(Left), id: None },
    EndParagraph,
    StartParagraph { alignment: None, id: None },
    EndParagraph,
    StartParagraph { alignment: Some(Justify), id: None },
    EndParagraph,
    StartOrderedListItem { id: Some("1"), level: 0, start: Some(1), style_type: Decimal },
    StartParagraph { alignment: Some(Justify), id: None },
    Text { content: "Foo" },
    EndParagraph,
    EndOrderedListItem,
    StartOrderedListItem { id: Some("1"), level: 0, start: None, style_type: Decimal },
    StartParagraph { alignment: Some(Justify), id: None },
    Text { content: "Bar" },
    EndParagraph,
    EndOrderedListItem,
    StartOrderedListItem { id: Some("1"), level: 0, start: None, style_type: Decimal },
    StartParagraph { alignment: Some(Justify), id: None },
    Text { content: "Baz" },
    EndParagraph,
    StartParagraph { alignment: Some(Justify), id: None },
    EndParagraph,
    StartParagraph { alignment: Some(Justify), id: None },
    Text { content: "Interruption." },
    EndParagraph,
    EndOrderedListItem,
    StartOrderedListItem { id: Some("1"), level: 0, start: None, style_type: Decimal },
    StartParagraph { alignment: Some(Justify), id: None },
    Text { content: "Bop" },
    EndParagraph,
    EndOrderedListItem,
    EndDocument,
  ],
  terminal: Ok,
}
