---
source: crates/docspec-docx-reader/tests/snapshots.rs
expression: from_reader_snapshot
---
ReaderFixtureSnapshot {
  events: [
    StartDocument { id: None, language: None, metadata: None },
    StartParagraph { alignment: None, id: None },
    StartTextStyle { kind: Italic, id: None },
    Text { content: "  " },
    EndTextStyle,
    Text { content: "T" },
    Text { content: "h" },
    Text { content: "e" },
    Text { content: "s" },
    Text { content: "e " },
    Text { content: "a" },
    Text { content: "r" },
    Text { content: "e " },
    Text { content: "d" },
    Text { content: "i" },
    Text { content: "f" },
    Text { content: "f" },
    Text { content: "e" },
    Text { content: "r" },
    Text { content: "e" },
    Text { content: "n" },
    Text { content: "t" },
    Text { content: " " },
    Text { content: "f" },
    Text { content: "o" },
    Text { content: "n" },
    Text { content: "t" },
    Text { content: "s" },
    Text { content: "." },
    EndParagraph,
    StartParagraph { alignment: None, id: None },
    EndParagraph,
    StartParagraph { alignment: None, id: None },
    StartTextStyle { kind: Bold, id: None },
    Text { content: "T" },
    EndTextStyle,
    StartTextStyle { kind: Bold, id: None },
    Text { content: "h" },
    EndTextStyle,
    StartTextStyle { kind: Bold, id: None },
    Text { content: "e" },
    EndTextStyle,
    StartTextStyle { kind: Bold, id: None },
    Text { content: "s" },
    EndTextStyle,
    StartTextStyle { kind: Bold, id: None },
    Text { content: "e " },
    EndTextStyle,
    StartTextStyle { kind: Bold, id: None },
    StartTextStyle { kind: Italic, id: None },
    Text { content: "a" },
    EndTextStyle,
    EndTextStyle,
    StartTextStyle { kind: Bold, id: None },
    StartTextStyle { kind: Italic, id: None },
    Text { content: "r" },
    EndTextStyle,
    EndTextStyle,
    StartTextStyle { kind: Bold, id: None },
    StartTextStyle { kind: Italic, id: None },
    Text { content: "e " },
    EndTextStyle,
    EndTextStyle,
    StartTextStyle { kind: Bold, id: None },
    StartTextStyle { kind: Italic, id: None },
    StartTextStyle { kind: Strikethrough, id: None },
    Text { content: "d" },
    EndTextStyle,
    EndTextStyle,
    EndTextStyle,
    StartTextStyle { kind: Bold, id: None },
    StartTextStyle { kind: Italic, id: None },
    StartTextStyle { kind: Strikethrough, id: None },
    Text { content: "i" },
    EndTextStyle,
    EndTextStyle,
    EndTextStyle,
    StartTextStyle { kind: Bold, id: None },
    StartTextStyle { kind: Italic, id: None },
    StartTextStyle { kind: Strikethrough, id: None },
    Text { content: "f" },
    EndTextStyle,
    EndTextStyle,
    EndTextStyle,
    StartTextStyle { kind: Bold, id: None },
    StartTextStyle { kind: Italic, id: None },
    StartTextStyle { kind: Strikethrough, id: None },
    Text { content: "f" },
    EndTextStyle,
    EndTextStyle,
    EndTextStyle,
    StartTextStyle { kind: Bold, id: None },
    StartTextStyle { kind: Italic, id: None },
    StartTextStyle { kind: Strikethrough, id: None },
    Text { content: "e" },
    EndTextStyle,
    EndTextStyle,
    EndTextStyle,
    StartTextStyle { kind: Bold, id: None },
    StartTextStyle { kind: Italic, id: None },
    StartTextStyle { kind: Strikethrough, id: None },
    Text { content: "r" },
    EndTextStyle,
    EndTextStyle,
    EndTextStyle,
    StartTextStyle { kind: Bold, id: None },
    StartTextStyle { kind: Italic, id: None },
    StartTextStyle { kind: Strikethrough, id: None },
    Text { content: "e" },
    EndTextStyle,
    EndTextStyle,
    EndTextStyle,
    StartTextStyle { kind: Bold, id: None },
    StartTextStyle { kind: Italic, id: None },
    StartTextStyle { kind: Strikethrough, id: None },
    Text { content: "n" },
    EndTextStyle,
    EndTextStyle,
    EndTextStyle,
    StartTextStyle { kind: Bold, id: None },
    StartTextStyle { kind: Italic, id: None },
    StartTextStyle { kind: Strikethrough, id: None },
    Text { content: "t" },
    EndTextStyle,
    EndTextStyle,
    EndTextStyle,
    StartTextStyle { kind: Bold, id: None },
    Text { content: " " },
    EndTextStyle,
    StartTextStyle { kind: Bold, id: None },
    Text { content: "f" },
    EndTextStyle,
    StartTextStyle { kind: Bold, id: None },
    Text { content: "o" },
    EndTextStyle,
    StartTextStyle { kind: Bold, id: None },
    Text { content: "n" },
    EndTextStyle,
    StartTextStyle { kind: Bold, id: None },
    Text { content: "t" },
    EndTextStyle,
    StartTextStyle { kind: Bold, id: None },
    Text { content: "s" },
    EndTextStyle,
    StartTextStyle { kind: Bold, id: None },
    Text { content: "." },
    EndTextStyle,
    EndParagraph,
    StartParagraph { alignment: None, id: None },
    EndParagraph,
    StartParagraph { alignment: None, id: None },
    EndParagraph,
    EndDocument,
  ],
  terminal: Ok,
}
