---
source: crates/docspec-docx-reader/tests/snapshots.rs
expression: from_reader_snapshot
---
ReaderFixtureSnapshot {
  events: [
    StartDocument { id: None, language: None, metadata: None },
    StartHeading { id: None, level: 2 },
    Text { content: "A footnote" },
    EndHeading,
    StartParagraph { alignment: None, id: None },
    EndParagraph,
    StartParagraph { alignment: None, id: None },
    Text { content: "Test footnote" },
    Text { content: "." },
    Text { content: " Test endnote." },
    EndParagraph,
    EndDocument,
  ],
  terminal: Ok,
}
