---
source: crates/docspec-docx-reader/tests/pandoc_corpus.rs
expression: snapshot
input_file: tests/fixtures/docx/pandoc/tables.docx
---
CorpusSnapshot {
  events: [
       0: Other("StartDocument { id: None, language: None, metadata: None }")
       1: Other("StartHeading { id: None, level: 2 }")
       2: Other("Text { content: \"A table, with and without a header row\" }")
       3: Other("EndHeading")
       4: Other("StartParagraph { alignment: None, id: None }")
       5: Other("EndParagraph")
       6: Other("StartTable { id: None }")
       7: Other("StartTableRow { id: None }")
       8: Other("StartTableCell { colspan: None, id: None, rowspan: None }")
       9: Other("StartParagraph { alignment: None, id: None }")
      10: Other("Text { content: \"Name\" }")
      11: Other("EndParagraph")
      12: Other("EndTableCell")
      13: Other("StartTableCell { colspan: None, id: None, rowspan: None }")
      14: Other("StartParagraph { alignment: None, id: None }")
      15: Other("Text { content: \"Game\" }")
      16: Other("EndParagraph")
      17: Other("EndTableCell")
      18: Other("StartTableCell { colspan: None, id: None, rowspan: None }")
      19: Other("StartParagraph { alignment: None, id: None }")
      20: Other("Text { content: \"Fame\" }")
      21: Other("EndParagraph")
      22: Other("EndTableCell")
      23: Other("StartTableCell { colspan: None, id: None, rowspan: None }")
      24: Other("StartParagraph { alignment: None, id: None }")
      25: Other("Text { content: \"Blame\" }")
      26: Other("EndParagraph")
      27: Other("EndTableCell")
      28: Other("EndTableRow")
      29: Other("StartTableRow { id: None }")
      30: Other("StartTableCell { colspan: None, id: None, rowspan: None }")
      31: Other("StartParagraph { alignment: None, id: None }")
      32: Other("Text { content: \"Lebron James\" }")
      33: Other("EndParagraph")
      34: Other("EndTableCell")
      35: Other("StartTableCell { colspan: None, id: None, rowspan: None }")
      36: Other("StartParagraph { alignment: None, id: None }")
      37: Other("Text { content: \"Basketball\" }")
      38: Other("EndParagraph")
      39: Other("EndTableCell")
      40: Other("StartTableCell { colspan: None, id: None, rowspan: None }")
      41: Other("StartParagraph { alignment: None, id: None }")
      42: Other("Text { content: \"Very High\" }")
      43: Other("EndParagraph")
      44: Other("EndTableCell")
      45: Other("StartTableCell { colspan: None, id: None, rowspan: None }")
      46: Other("StartParagraph { alignment: None, id: None }")
      47: Other("Text { content: \"Leaving Cleveland\" }")
      48: Other("EndParagraph")
      49: Other("EndTableCell")
      50: Other("EndTableRow")
      51: Other("StartTableRow { id: None }")
      52: Other("StartTableCell { colspan: None, id: None, rowspan: None }")
      53: Other("StartParagraph { alignment: None, id: None }")
      54: Other("Text { content: \"Ryan Braun\" }")
      55: Other("EndParagraph")
      56: Other("EndTableCell")
      57: Other("StartTableCell { colspan: None, id: None, rowspan: None }")
      58: Other("StartParagraph { alignment: None, id: None }")
      59: Other("Text { content: \"Baseball\" }")
      60: Other("EndParagraph")
      61: Other("EndTableCell")
      62: Other("StartTableCell { colspan: None, id: None, rowspan: None }")
      63: Other("StartParagraph { alignment: None, id: None }")
      64: Other("Text { content: \"Moderate\" }")
      65: Other("EndParagraph")
      66: Other("EndTableCell")
      67: Other("StartTableCell { colspan: None, id: None, rowspan: None }")
      68: Other("StartParagraph { alignment: None, id: None }")
      69: Other("Text { content: \"Steroids\" }")
      70: Other("EndParagraph")
      71: Other("EndTableCell")
      72: Other("EndTableRow")
      73: Other("StartTableRow { id: None }")
      74: Other("StartTableCell { colspan: None, id: None, rowspan: None }")
      75: Other("StartParagraph { alignment: None, id: None }")
      76: Other("Text { content: \"Russell Wilson\" }")
      77: Other("EndParagraph")
      78: Other("EndTableCell")
      79: Other("StartTableCell { colspan: None, id: None, rowspan: None }")
      80: Other("StartParagraph { alignment: None, id: None }")
      81: Other("Text { content: \"Football\" }")
      82: Other("EndParagraph")
      83: Other("EndTableCell")
      84: Other("StartTableCell { colspan: None, id: None, rowspan: None }")
      85: Other("StartParagraph { alignment: None, id: None }")
      86: Other("Text { content: \"High\" }")
      87: Other("EndParagraph")
      88: Other("EndTableCell")
      89: Other("StartTableCell { colspan: None, id: None, rowspan: None }")
      90: Other("StartParagraph { alignment: None, id: None }")
      91: Other("Text { content: \"Tacky uniform\" }")
      92: Other("EndParagraph")
      93: Other("EndTableCell")
      94: Other("EndTableRow")
      95: Other("EndTable")
      96: Other("StartParagraph { alignment: None, id: None }")
      97: Other("EndParagraph")
      98: Other("StartTable { id: None }")
      99: Other("StartTableRow { id: None }")
     100: Other("StartTableCell { colspan: None, id: None, rowspan: None }")
     101: Other("StartParagraph { alignment: None, id: None }")
     102: Other("Text { content: \"Sinple\" }")
     103: Other("EndParagraph")
     104: Other("EndTableCell")
     105: Other("StartTableCell { colspan: None, id: None, rowspan: None }")
     106: Other("StartParagraph { alignment: None, id: None }")
     107: Other("Text { content: \"Table\" }")
     108: Other("EndParagraph")
     109: Other("EndTableCell")
     110: Other("EndTableRow")
     111: Other("StartTableRow { id: None }")
     112: Other("StartTableCell { colspan: None, id: None, rowspan: None }")
     113: Other("StartParagraph { alignment: None, id: None }")
     114: Other("Text { content: \"Without\" }")
     115: Other("EndParagraph")
     116: Other("EndTableCell")
     117: Other("StartTableCell { colspan: None, id: None, rowspan: None }")
     118: Other("StartParagraph { alignment: None, id: None }")
     119: Other("Text { content: \"Header\" }")
     120: Other("EndParagraph")
     121: Other("EndTableCell")
     122: Other("EndTableRow")
     123: Other("EndTable")
     124: Other("StartParagraph { alignment: None, id: None }")
     125: Other("EndParagraph")
     126: Other("StartTable { id: None }")
     127: Other("StartTableRow { id: None }")
     128: Other("StartTableCell { colspan: None, id: None, rowspan: None }")
     129: Other("StartParagraph { alignment: None, id: None }")
     130: Other("Text { content: \"Sim\" }")
     131: Other("Text { content: \"ple\" }")
     132: Other("EndParagraph")
     133: Other("StartParagraph { alignment: None, id: None }")
     134: Other("EndParagraph")
     135: Other("StartParagraph { alignment: None, id: None }")
     136: Other("Text { content: \"Multiparagraph\" }")
     137: Other("EndParagraph")
     138: Other("EndTableCell")
     139: Other("StartTableCell { colspan: None, id: None, rowspan: None }")
     140: Other("StartParagraph { alignment: None, id: None }")
     141: Other("Text { content: \"Table\" }")
     142: Other("EndParagraph")
     143: Other("StartParagraph { alignment: None, id: None }")
     144: Other("EndParagraph")
     145: Other("StartParagraph { alignment: None, id: None }")
     146: Other("Text { content: \"Full\" }")
     147: Other("EndParagraph")
     148: Other("EndTableCell")
     149: Other("EndTableRow")
     150: Other("StartTableRow { id: None }")
     151: Other("StartTableCell { colspan: None, id: None, rowspan: None }")
     152: Other("StartParagraph { alignment: None, id: None }")
     153: Other("Text { content: \"Of\" }")
     154: Other("EndParagraph")
     155: Other("StartParagraph { alignment: None, id: None }")
     156: Other("EndParagraph")
     157: Other("StartParagraph { alignment: None, id: None }")
     158: Other("Text { content: \"Paragraphs\" }")
     159: Other("EndParagraph")
     160: Other("EndTableCell")
     161: Other("StartTableCell { colspan: None, id: None, rowspan: None }")
     162: Other("StartParagraph { alignment: None, id: None }")
     163: Other("Text { content: \"In each\" }")
     164: Other("EndParagraph")
     165: Other("StartParagraph { alignment: None, id: None }")
     166: Other("EndParagraph")
     167: Other("StartParagraph { alignment: None, id: None }")
     168: Other("Text { content: \"Cell.\" }")
     169: Other("EndParagraph")
     170: Other("EndTableCell")
     171: Other("EndTableRow")
     172: Other("EndTable")
     173: Other("StartParagraph { alignment: None, id: None }")
     174: Other("EndParagraph")
     175: Other("EndDocument")
  ],
  terminal: Ok,
}
