---
source: crates/docspec-docx-reader/tests/pandoc_corpus.rs
expression: snapshot
input_file: tests/fixtures/docx/pandoc/headers.docx
---
CorpusSnapshot {
  events: [
       0: Other("StartDocument { id: None, language: None, metadata: None }")
       1: Other("StartParagraph { alignment: None, id: None }")
       2: Other("Text { content: \"A Test of Headers\" }")
       3: Other("EndParagraph")
       4: Other("StartParagraph { alignment: None, id: None }")
       5: Other("Text { content: \"Second Level\" }")
       6: Other("EndParagraph")
       7: Other("StartParagraph { alignment: None, id: None }")
       8: Other("Text { content: \"Some plain text.\" }")
       9: Other("EndParagraph")
      10: Other("StartParagraph { alignment: None, id: None }")
      11: Other("Text { content: \"Third level\" }")
      12: Other("EndParagraph")
      13: Other("StartParagraph { alignment: None, id: None }")
      14: Other("Text { content: \"Some more plain text.\" }")
      15: Other("EndParagraph")
      16: Other("StartParagraph { alignment: None, id: None }")
      17: Other("Text { content: \"Fourth level\" }")
      18: Other("EndParagraph")
      19: Other("StartParagraph { alignment: None, id: None }")
      20: Other("Text { content: \"Some more plain text.\" }")
      21: Other("EndParagraph")
      22: Other("StartParagraph { alignment: None, id: None }")
      23: Other("Text { content: \"Fifth level\" }")
      24: Other("EndParagraph")
      25: Other("StartParagraph { alignment: None, id: None }")
      26: Other("Text { content: \"Some more plain text.\" }")
      27: Other("EndParagraph")
      28: Other("StartParagraph { alignment: None, id: None }")
      29: Other("Text { content: \"Sixth level\" }")
      30: Other("EndParagraph")
      31: Other("StartParagraph { alignment: None, id: None }")
      32: Other("Text { content: \"Some more plain text.\" }")
      33: Other("EndParagraph")
      34: Other("StartParagraph { alignment: None, id: None }")
      35: Other("Text { content: \"Seventh level\" }")
      36: Other("EndParagraph")
      37: Other("StartParagraph { alignment: None, id: None }")
      38: Other("Text { content: \"Since no Heading 7 style exists in styles.xml, this gets converted to Span.\" }")
      39: Other("EndParagraph")
      40: Other("EndDocument")
  ],
  terminal: Ok,
}
