---
source: crates/docspec-docx-reader/tests/pandoc_corpus.rs
expression: snapshot
input_file: tests/fixtures/docx/pandoc/lists.docx
---
CorpusSnapshot {
  events: [
       0: Other("StartDocument { id: None, language: None, metadata: None }")
       1: Other("StartParagraph { alignment: None, id: None }")
       2: Other("Text { content: \"Some nested lists\" }")
       3: Other("EndParagraph")
       4: Other("StartOrderedListItem { id: Some(\"2\"), level: 0, start: Some(1), style_type: Decimal }")
       5: Other("StartParagraph { alignment: None, id: None }")
       6: Other("Text { content: \"one\" }")
       7: Other("EndParagraph")
       8: Other("EndOrderedListItem")
       9: Other("StartOrderedListItem { id: Some(\"2\"), level: 0, start: None, style_type: Decimal }")
      10: Other("StartParagraph { alignment: None, id: None }")
      11: Other("Text { content: \"two\" }")
      12: Other("EndParagraph")
      13: Other("StartOrderedListItem { id: Some(\"3\"), level: 1, start: Some(1), style_type: LowerAlpha }")
      14: Other("StartParagraph { alignment: None, id: None }")
      15: Other("Text { content: \"a\" }")
      16: Other("EndParagraph")
      17: Other("EndOrderedListItem")
      18: Other("StartOrderedListItem { id: Some(\"3\"), level: 1, start: None, style_type: LowerAlpha }")
      19: Other("StartParagraph { alignment: None, id: None }")
      20: Other("Text { content: \"b\" }")
      21: Other("EndParagraph")
      22: Other("EndOrderedListItem")
      23: Other("EndOrderedListItem")
      24: Other("StartUnorderedListItem { id: Some(\"4\"), level: 0, style_type: Disc }")
      25: Other("StartParagraph { alignment: None, id: None }")
      26: Other("Text { content: \"one\" }")
      27: Other("EndParagraph")
      28: Other("EndUnorderedListItem")
      29: Other("StartUnorderedListItem { id: Some(\"4\"), level: 0, style_type: Disc }")
      30: Other("StartParagraph { alignment: None, id: None }")
      31: Other("Text { content: \"two\" }")
      32: Other("EndParagraph")
      33: Other("StartUnorderedListItem { id: Some(\"5\"), level: 1, style_type: Disc }")
      34: Other("StartParagraph { alignment: None, id: None }")
      35: Other("Text { content: \"three\" }")
      36: Other("EndParagraph")
      37: Other("StartUnorderedListItem { id: Some(\"6\"), level: 2, style_type: Disc }")
      38: Other("StartParagraph { alignment: None, id: None }")
      39: Other("Text { content: \"four\" }")
      40: Other("EndParagraph")
      41: Other("StartParagraph { alignment: None, id: None }")
      42: Other("Text { content: \"Sub paragraph\" }")
      43: Other("EndParagraph")
      44: Other("EndUnorderedListItem")
      45: Other("EndUnorderedListItem")
      46: Other("EndUnorderedListItem")
      47: Other("StartUnorderedListItem { id: Some(\"4\"), level: 0, style_type: Disc }")
      48: Other("StartParagraph { alignment: None, id: None }")
      49: Other("Text { content: \"Same list\" }")
      50: Other("EndParagraph")
      51: Other("EndUnorderedListItem")
      52: Other("StartUnorderedListItem { id: Some(\"7\"), level: 0, style_type: Disc }")
      53: Other("StartParagraph { alignment: None, id: None }")
      54: Other("Text { content: \"Different list adjacent to the one above.\" }")
      55: Other("EndParagraph")
      56: Other("EndUnorderedListItem")
      57: Other("EndDocument")
  ],
  terminal: Ok,
}
