---
source: crates/docspec-docx-reader/tests/snapshots.rs
expression: from_reader_snapshot
---
ReaderFixtureSnapshot {
  events: [
    StartDocument { id: None, language: None, metadata: None },
    StartTable { id: None },
    StartTableRow { id: None },
    StartTableCell { colspan: Some(8), id: None, rowspan: None },
    StartParagraph { alignment: None, id: None },
    Text { content: "Bits" },
    EndParagraph,
    EndTableCell,
    StartTableCell { colspan: None, id: None, rowspan: None },
    StartParagraph { alignment: None, id: None },
    EndParagraph,
    EndTableCell,
    StartTableCell { colspan: None, id: None, rowspan: None },
    StartParagraph { alignment: None, id: None },
    EndParagraph,
    EndTableCell,
    EndTableRow,
    StartTableRow { id: None },
    StartTableCell { colspan: None, id: None, rowspan: None },
    StartParagraph { alignment: None, id: None },
    Text { content: "8" },
    EndParagraph,
    EndTableCell,
    StartTableCell { colspan: None, id: None, rowspan: None },
    StartParagraph { alignment: None, id: None },
    Text { content: "7" },
    EndParagraph,
    EndTableCell,
    StartTableCell { colspan: None, id: None, rowspan: None },
    StartParagraph { alignment: None, id: None },
    Text { content: "6" },
    EndParagraph,
    EndTableCell,
    StartTableCell { colspan: None, id: None, rowspan: None },
    StartParagraph { alignment: None, id: None },
    Text { content: "5" },
    EndParagraph,
    EndTableCell,
    StartTableCell { colspan: None, id: None, rowspan: None },
    StartParagraph { alignment: None, id: None },
    Text { content: "4" },
    EndParagraph,
    EndTableCell,
    StartTableCell { colspan: None, id: None, rowspan: None },
    StartParagraph { alignment: None, id: None },
    Text { content: "3" },
    EndParagraph,
    EndTableCell,
    StartTableCell { colspan: None, id: None, rowspan: None },
    StartParagraph { alignment: None, id: None },
    Text { content: "2" },
    EndParagraph,
    EndTableCell,
    StartTableCell { colspan: None, id: None, rowspan: None },
    StartParagraph { alignment: None, id: None },
    Text { content: "1" },
    EndParagraph,
    EndTableCell,
    StartTableCell { colspan: None, id: None, rowspan: None },
    StartParagraph { alignment: None, id: None },
    EndParagraph,
    EndTableCell,
    StartTableCell { colspan: None, id: None, rowspan: None },
    StartParagraph { alignment: None, id: None },
    EndParagraph,
    EndTableCell,
    EndTableRow,
    StartTableRow { id: None },
    StartTableCell { colspan: None, id: None, rowspan: None },
    StartParagraph { alignment: None, id: None },
    EndParagraph,
    EndTableCell,
    StartTableCell { colspan: None, id: None, rowspan: None },
    StartParagraph { alignment: None, id: None },
    EndParagraph,
    EndTableCell,
    StartTableCell { colspan: None, id: None, rowspan: None },
    StartParagraph { alignment: None, id: None },
    EndParagraph,
    EndTableCell,
    StartTableCell { colspan: None, id: None, rowspan: None },
    StartParagraph { alignment: None, id: None },
    EndParagraph,
    EndTableCell,
    StartTableCell { colspan: None, id: None, rowspan: None },
    StartParagraph { alignment: None, id: None },
    EndParagraph,
    EndTableCell,
    StartTableCell { colspan: None, id: None, rowspan: None },
    StartParagraph { alignment: None, id: None },
    EndParagraph,
    EndTableCell,
    StartTableCell { colspan: None, id: None, rowspan: None },
    StartParagraph { alignment: None, id: None },
    EndParagraph,
    EndTableCell,
    StartTableCell { colspan: None, id: None, rowspan: None },
    StartParagraph { alignment: None, id: None },
    EndParagraph,
    EndTableCell,
    StartTableCell { colspan: None, id: None, rowspan: None },
    StartParagraph { alignment: None, id: None },
    EndParagraph,
    EndTableCell,
    StartTableCell { colspan: None, id: None, rowspan: None },
    StartParagraph { alignment: None, id: None },
    EndParagraph,
    EndTableCell,
    EndTableRow,
    StartTableRow { id: None },
    StartTableCell { colspan: None, id: None, rowspan: None },
    StartParagraph { alignment: None, id: None },
    Text { content: "0" },
    EndParagraph,
    EndTableCell,
    StartTableCell { colspan: None, id: None, rowspan: None },
    StartParagraph { alignment: None, id: None },
    Text { content: "0" },
    EndParagraph,
    EndTableCell,
    StartTableCell { colspan: None, id: None, rowspan: None },
    StartParagraph { alignment: None, id: None },
    Text { content: "0" },
    EndParagraph,
    EndTableCell,
    StartTableCell { colspan: None, id: None, rowspan: None },
    StartParagraph { alignment: None, id: None },
    Text { content: "0" },
    EndParagraph,
    EndTableCell,
    StartTableCell { colspan: None, id: None, rowspan: None },
    StartParagraph { alignment: None, id: None },
    Text { content: "0" },
    EndParagraph,
    EndTableCell,
    StartTableCell { colspan: None, id: None, rowspan: None },
    StartParagraph { alignment: None, id: None },
    Text { content: "0" },
    EndParagraph,
    EndTableCell,
    StartTableCell { colspan: None, id: None, rowspan: None },
    StartParagraph { alignment: None, id: None },
    Text { content: "0" },
    EndParagraph,
    EndTableCell,
    StartTableCell { colspan: None, id: None, rowspan: None },
    StartParagraph { alignment: None, id: None },
    Text { content: "1" },
    EndParagraph,
    EndTableCell,
    StartTableCell { colspan: None, id: None, rowspan: None },
    StartParagraph { alignment: None, id: None },
    EndParagraph,
    EndTableCell,
    StartTableCell { colspan: None, id: None, rowspan: None },
    StartParagraph { alignment: None, id: None },
    Text { content: "TEXT" },
    EndParagraph,
    EndTableCell,
    EndTableRow,
    StartTableRow { id: None },
    StartTableCell { colspan: None, id: None, rowspan: None },
    StartParagraph { alignment: None, id: None },
    Text { content: "0" },
    EndParagraph,
    EndTableCell,
    StartTableCell { colspan: None, id: None, rowspan: None },
    StartParagraph { alignment: None, id: None },
    Text { content: "0" },
    EndParagraph,
    EndTableCell,
    StartTableCell { colspan: None, id: None, rowspan: None },
    StartParagraph { alignment: None, id: None },
    Text { content: "0" },
    EndParagraph,
    EndTableCell,
    StartTableCell { colspan: None, id: None, rowspan: None },
    StartParagraph { alignment: None, id: None },
    Text { content: "0" },
    EndParagraph,
    EndTableCell,
    StartTableCell { colspan: None, id: None, rowspan: None },
    StartParagraph { alignment: None, id: None },
    Text { content: "0" },
    EndParagraph,
    EndTableCell,
    StartTableCell { colspan: None, id: None, rowspan: None },
    StartParagraph { alignment: None, id: None },
    Text { content: "0" },
    EndParagraph,
    EndTableCell,
    StartTableCell { colspan: None, id: None, rowspan: None },
    StartParagraph { alignment: None, id: None },
    Text { content: "1" },
    EndParagraph,
    EndTableCell,
    StartTableCell { colspan: None, id: None, rowspan: None },
    StartParagraph { alignment: None, id: None },
    Text { content: "0" },
    EndParagraph,
    EndTableCell,
    StartTableCell { colspan: None, id: None, rowspan: None },
    StartParagraph { alignment: None, id: None },
    EndParagraph,
    EndTableCell,
    StartTableCell { colspan: None, id: None, rowspan: None },
    StartParagraph { alignment: None, id: None },
    Text { content: "BINARY" },
    EndParagraph,
    EndTableCell,
    EndTableRow,
    StartTableRow { id: None },
    StartTableCell { colspan: None, id: None, rowspan: None },
    StartParagraph { alignment: None, id: None },
    Text { content: "0" },
    EndParagraph,
    EndTableCell,
    StartTableCell { colspan: None, id: None, rowspan: None },
    StartParagraph { alignment: None, id: None },
    Text { content: "0" },
    EndParagraph,
    EndTableCell,
    StartTableCell { colspan: None, id: None, rowspan: None },
    StartParagraph { alignment: None, id: None },
    Text { content: "0" },
    EndParagraph,
    EndTableCell,
    StartTableCell { colspan: None, id: None, rowspan: None },
    StartParagraph { alignment: None, id: None },
    Text { content: "0" },
    EndParagraph,
    EndTableCell,
    StartTableCell { colspan: None, id: None, rowspan: None },
    StartParagraph { alignment: None, id: None },
    Text { content: "0" },
    EndParagraph,
    EndTableCell,
    StartTableCell { colspan: None, id: None, rowspan: None },
    StartParagraph { alignment: None, id: None },
    Text { content: "0" },
    EndParagraph,
    EndTableCell,
    StartTableCell { colspan: None, id: None, rowspan: None },
    StartParagraph { alignment: None, id: None },
    Text { content: "1" },
    EndParagraph,
    EndTableCell,
    StartTableCell { colspan: None, id: None, rowspan: None },
    StartParagraph { alignment: None, id: None },
    Text { content: "1" },
    EndParagraph,
    EndTableCell,
    StartTableCell { colspan: None, id: None, rowspan: None },
    StartParagraph { alignment: None, id: None },
    EndParagraph,
    EndTableCell,
    StartTableCell { colspan: None, id: None, rowspan: None },
    StartParagraph { alignment: None, id: None },
    Text { content: "HYPERLINKS" },
    EndParagraph,
    EndTableCell,
    EndTableRow,
    StartTableRow { id: None },
    StartTableCell { colspan: None, id: None, rowspan: None },
    StartParagraph { alignment: None, id: None },
    Text { content: "0" },
    EndParagraph,
    EndTableCell,
    StartTableCell { colspan: None, id: None, rowspan: None },
    StartParagraph { alignment: None, id: None },
    Text { content: "0" },
    EndParagraph,
    EndTableCell,
    StartTableCell { colspan: None, id: None, rowspan: None },
    StartParagraph { alignment: None, id: None },
    Text { content: "0" },
    EndParagraph,
    EndTableCell,
    StartTableCell { colspan: None, id: None, rowspan: None },
    StartParagraph { alignment: None, id: None },
    Text { content: "0" },
    EndParagraph,
    EndTableCell,
    StartTableCell { colspan: None, id: None, rowspan: None },
    StartParagraph { alignment: None, id: None },
    Text { content: "0" },
    EndParagraph,
    EndTableCell,
    StartTableCell { colspan: None, id: None, rowspan: None },
    StartParagraph { alignment: None, id: None },
    Text { content: "1" },
    EndParagraph,
    EndTableCell,
    StartTableCell { colspan: None, id: None, rowspan: None },
    StartParagraph { alignment: None, id: None },
    Text { content: "0" },
    EndParagraph,
    EndTableCell,
    StartTableCell { colspan: None, id: None, rowspan: None },
    StartParagraph { alignment: None, id: None },
    Text { content: "0" },
    EndParagraph,
    EndTableCell,
    StartTableCell { colspan: None, id: None, rowspan: None },
    StartParagraph { alignment: None, id: None },
    EndParagraph,
    EndTableCell,
    StartTableCell { colspan: None, id: None, rowspan: None },
    StartParagraph { alignment: None, id: None },
    Text { content: "FILEURL" },
    EndParagraph,
    EndTableCell,
    EndTableRow,
    StartTableRow { id: None },
    StartTableCell { colspan: None, id: None, rowspan: None },
    StartParagraph { alignment: None, id: None },
    Text { content: "0" },
    EndParagraph,
    EndTableCell,
    StartTableCell { colspan: None, id: None, rowspan: None },
    StartParagraph { alignment: None, id: None },
    Text { content: "0" },
    EndParagraph,
    EndTableCell,
    StartTableCell { colspan: None, id: None, rowspan: None },
    StartParagraph { alignment: None, id: None },
    Text { content: "0" },
    EndParagraph,
    EndTableCell,
    StartTableCell { colspan: None, id: None, rowspan: None },
    StartParagraph { alignment: None, id: None },
    Text { content: "0" },
    EndParagraph,
    EndTableCell,
    StartTableCell { colspan: None, id: None, rowspan: None },
    StartParagraph { alignment: None, id: None },
    Text { content: "0" },
    EndParagraph,
    EndTableCell,
    StartTableCell { colspan: None, id: None, rowspan: None },
    StartParagraph { alignment: None, id: None },
    Text { content: "1" },
    EndParagraph,
    EndTableCell,
    StartTableCell { colspan: None, id: None, rowspan: None },
    StartParagraph { alignment: None, id: None },
    Text { content: "0" },
    EndParagraph,
    EndTableCell,
    StartTableCell { colspan: None, id: None, rowspan: None },
    StartParagraph { alignment: None, id: None },
    Text { content: "1" },
    EndParagraph,
    EndTableCell,
    StartTableCell { colspan: None, id: None, rowspan: None },
    StartParagraph { alignment: None, id: None },
    EndParagraph,
    EndTableCell,
    StartTableCell { colspan: None, id: None, rowspan: None },
    StartParagraph { alignment: None, id: None },
    Text { content: "LOCATION" },
    EndParagraph,
    EndTableCell,
    EndTableRow,
    StartTableRow { id: None },
    StartTableCell { colspan: None, id: None, rowspan: None },
    StartParagraph { alignment: None, id: None },
    Text { content: "0" },
    EndParagraph,
    EndTableCell,
    StartTableCell { colspan: None, id: None, rowspan: None },
    StartParagraph { alignment: None, id: None },
    Text { content: "0" },
    EndParagraph,
    EndTableCell,
    StartTableCell { colspan: None, id: None, rowspan: None },
    StartParagraph { alignment: None, id: None },
    Text { content: "0" },
    EndParagraph,
    EndTableCell,
    StartTableCell { colspan: None, id: None, rowspan: None },
    StartParagraph { alignment: None, id: None },
    Text { content: "0" },
    EndParagraph,
    EndTableCell,
    StartTableCell { colspan: None, id: None, rowspan: None },
    StartParagraph { alignment: None, id: None },
    Text { content: "0" },
    EndParagraph,
    EndTableCell,
    StartTableCell { colspan: None, id: None, rowspan: None },
    StartParagraph { alignment: None, id: None },
    Text { content: "1" },
    EndParagraph,
    EndTableCell,
    StartTableCell { colspan: None, id: None, rowspan: None },
    StartParagraph { alignment: None, id: None },
    Text { content: "1" },
    EndParagraph,
    EndTableCell,
    StartTableCell { colspan: None, id: None, rowspan: None },
    StartParagraph { alignment: None, id: None },
    Text { content: "0" },
    EndParagraph,
    EndTableCell,
    StartTableCell { colspan: None, id: None, rowspan: None },
    StartParagraph { alignment: None, id: None },
    EndParagraph,
    EndTableCell,
    StartTableCell { colspan: None, id: None, rowspan: None },
    StartParagraph { alignment: None, id: None },
    Text { content: "ENHANCED STATUS" },
    EndParagraph,
    EndTableCell,
    EndTableRow,
    StartTableRow { id: None },
    StartTableCell { colspan: None, id: None, rowspan: None },
    StartParagraph { alignment: None, id: None },
    Text { content: "0" },
    EndParagraph,
    EndTableCell,
    StartTableCell { colspan: None, id: None, rowspan: None },
    StartParagraph { alignment: None, id: None },
    Text { content: "0" },
    EndParagraph,
    EndTableCell,
    StartTableCell { colspan: None, id: None, rowspan: None },
    StartParagraph { alignment: None, id: None },
    Text { content: "0" },
    EndParagraph,
    EndTableCell,
    StartTableCell { colspan: None, id: None, rowspan: None },
    StartParagraph { alignment: None, id: None },
    Text { content: "0" },
    EndParagraph,
    EndTableCell,
    StartTableCell { colspan: None, id: None, rowspan: None },
    StartParagraph { alignment: None, id: None },
    Text { content: "0" },
    EndParagraph,
    EndTableCell,
    StartTableCell { colspan: None, id: None, rowspan: None },
    StartParagraph { alignment: None, id: None },
    Text { content: "1" },
    EndParagraph,
    EndTableCell,
    StartTableCell { colspan: None, id: None, rowspan: None },
    StartParagraph { alignment: None, id: None },
    Text { content: "1" },
    EndParagraph,
    EndTableCell,
    StartTableCell { colspan: None, id: None, rowspan: None },
    StartParagraph { alignment: None, id: None },
    Text { content: "1" },
    EndParagraph,
    EndTableCell,
    StartTableCell { colspan: None, id: None, rowspan: None },
    StartParagraph { alignment: None, id: None },
    EndParagraph,
    EndTableCell,
    StartTableCell { colspan: None, id: None, rowspan: None },
    StartParagraph { alignment: None, id: None },
    Text { content: "Value allocated for use in interworking (NOTE)" },
    EndParagraph,
    EndTableCell,
    EndTableRow,
    StartTableRow { id: None },
    StartTableCell { colspan: None, id: None, rowspan: None },
    StartParagraph { alignment: None, id: None },
    Text { content: "0" },
    EndParagraph,
    EndTableCell,
    StartTableCell { colspan: None, id: None, rowspan: None },
    StartParagraph { alignment: None, id: None },
    Text { content: "0" },
    EndParagraph,
    EndTableCell,
    StartTableCell { colspan: None, id: None, rowspan: None },
    StartParagraph { alignment: None, id: None },
    Text { content: "0" },
    EndParagraph,
    EndTableCell,
    StartTableCell { colspan: None, id: None, rowspan: None },
    StartParagraph { alignment: None, id: None },
    Text { content: "0" },
    EndParagraph,
    EndTableCell,
    StartTableCell { colspan: None, id: None, rowspan: None },
    StartParagraph { alignment: None, id: None },
    Text { content: "1" },
    EndParagraph,
    EndTableCell,
    StartTableCell { colspan: None, id: None, rowspan: None },
    StartParagraph { alignment: None, id: None },
    Text { content: "0" },
    EndParagraph,
    EndTableCell,
    StartTableCell { colspan: None, id: None, rowspan: None },
    StartParagraph { alignment: None, id: None },
    Text { content: "0" },
    EndParagraph,
    EndTableCell,
    StartTableCell { colspan: None, id: None, rowspan: None },
    StartParagraph { alignment: None, id: None },
    Text { content: "0" },
    EndParagraph,
    EndTableCell,
    StartTableCell { colspan: None, id: None, rowspan: None },
    StartParagraph { alignment: None, id: None },
    EndParagraph,
    EndTableCell,
    StartTableCell { colspan: None, id: None, rowspan: None },
    StartParagraph { alignment: None, id: None },
    Text { content: "LOCATION ALTITUDE" },
    EndParagraph,
    EndTableCell,
    EndTableRow,
    StartTableRow { id: None },
    StartTableCell { colspan: None, id: None, rowspan: None },
    StartParagraph { alignment: None, id: None },
    Text { content: "0" },
    EndParagraph,
    EndTableCell,
    StartTableCell { colspan: None, id: None, rowspan: None },
    StartParagraph { alignment: None, id: None },
    Text { content: "0" },
    EndParagraph,
    EndTableCell,
    StartTableCell { colspan: None, id: None, rowspan: None },
    StartParagraph { alignment: None, id: None },
    Text { content: "0" },
    EndParagraph,
    EndTableCell,
    StartTableCell { colspan: None, id: None, rowspan: None },
    StartParagraph { alignment: None, id: None },
    Text { content: "0" },
    EndParagraph,
    EndTableCell,
    StartTableCell { colspan: None, id: None, rowspan: None },
    StartParagraph { alignment: None, id: None },
    Text { content: "1" },
    EndParagraph,
    EndTableCell,
    StartTableCell { colspan: None, id: None, rowspan: None },
    StartParagraph { alignment: None, id: None },
    Text { content: "0" },
    EndParagraph,
    EndTableCell,
    StartTableCell { colspan: None, id: None, rowspan: None },
    StartParagraph { alignment: None, id: None },
    Text { content: "0" },
    EndParagraph,
    EndTableCell,
    StartTableCell { colspan: None, id: None, rowspan: None },
    StartParagraph { alignment: None, id: None },
    Text { content: "1" },
    EndParagraph,
    EndTableCell,
    StartTableCell { colspan: None, id: None, rowspan: None },
    StartParagraph { alignment: None, id: None },
    EndParagraph,
    EndTableCell,
    StartTableCell { colspan: None, id: None, rowspan: None },
    StartParagraph { alignment: None, id: None },
    Text { content: "LOCATION TIMESTAMP" },
    EndParagraph,
    EndTableCell,
    EndTableRow,
    StartTableRow { id: None },
    StartTableCell { colspan: Some(2), id: None, rowspan: None },
    StartParagraph { alignment: None, id: None },
    Text { content: "0" },
    EndParagraph,
    EndTableCell,
    StartTableCell { colspan: None, id: None, rowspan: None },
    StartParagraph { alignment: None, id: None },
    Text { content: "0" },
    EndParagraph,
    EndTableCell,
    StartTableCell { colspan: None, id: None, rowspan: None },
    StartParagraph { alignment: None, id: None },
    Text { content: "0" },
    EndParagraph,
    EndTableCell,
    StartTableCell { colspan: None, id: None, rowspan: None },
    StartParagraph { alignment: None, id: None },
    Text { content: "0" },
    EndParagraph,
    EndTableCell,
    StartTableCell { colspan: None, id: None, rowspan: None },
    StartParagraph { alignment: None, id: None },
    Text { content: "1" },
    EndParagraph,
    EndTableCell,
    StartTableCell { colspan: None, id: None, rowspan: None },
    StartParagraph { alignment: None, id: None },
    Text { content: "0" },
    EndParagraph,
    EndTableCell,
    StartTableCell { colspan: None, id: None, rowspan: None },
    StartParagraph { alignment: None, id: None },
    Text { content: "1" },
    EndParagraph,
    EndTableCell,
    StartTableCell { colspan: None, id: None, rowspan: None },
    StartParagraph { alignment: None, id: None },
    Text { content: "0" },
    EndParagraph,
    EndTableCell,
    StartTableCell { colspan: None, id: None, rowspan: None },
    StartParagraph { alignment: None, id: None },
    EndParagraph,
    EndTableCell,
    StartTableCell { colspan: None, id: None, rowspan: None },
    StartParagraph { alignment: None, id: None },
    Text { content: "CODED TEXT" },
    EndParagraph,
    EndTableCell,
    EndTableRow,
    StartTableRow { id: None },
    StartTableCell { colspan: None, id: None, rowspan: None },
    StartParagraph { alignment: None, id: None },
    EndParagraph,
    EndTableCell,
    StartTableCell { colspan: None, id: None, rowspan: None },
    StartParagraph { alignment: None, id: None },
    EndParagraph,
    EndTableCell,
    StartTableCell { colspan: None, id: None, rowspan: None },
    StartParagraph { alignment: None, id: None },
    EndParagraph,
    EndTableCell,
    StartTableCell { colspan: None, id: None, rowspan: None },
    StartParagraph { alignment: None, id: None },
    EndParagraph,
    EndTableCell,
    StartTableCell { colspan: None, id: None, rowspan: None },
    StartParagraph { alignment: None, id: None },
    EndParagraph,
    EndTableCell,
    StartTableCell { colspan: None, id: None, rowspan: None },
    StartParagraph { alignment: None, id: None },
    EndParagraph,
    EndTableCell,
    StartTableCell { colspan: None, id: None, rowspan: None },
    StartParagraph { alignment: None, id: None },
    EndParagraph,
    EndTableCell,
    StartTableCell { colspan: None, id: None, rowspan: None },
    StartParagraph { alignment: None, id: None },
    EndParagraph,
    EndTableCell,
    StartTableCell { colspan: None, id: None, rowspan: None },
    StartParagraph { alignment: None, id: None },
    EndParagraph,
    EndTableCell,
    StartTableCell { colspan: None, id: None, rowspan: None },
    StartParagraph { alignment: None, id: None },
    EndParagraph,
    EndTableCell,
    EndTableRow,
    StartTableRow { id: None },
    StartTableCell { colspan: Some(10), id: None, rowspan: None },
    StartParagraph { alignment: None, id: None },
    Text { content: "All other values are reserved." },
    EndParagraph,
    EndTableCell,
    EndTableRow,
    StartTableRow { id: None },
    StartTableCell { colspan: Some(10), id: None, rowspan: None },
    StartParagraph { alignment: None, id: None },
    Text { content: "NOTE:" },
    Text { content: "\t" },
    Text { content: "Usage of this value is described in 3GPP\u{a0}TS\u{a0}29.582\u{a0}[48]." },
    EndParagraph,
    EndTableCell,
    EndTableRow,
    EndTable,
    EndDocument,
  ],
  terminal: Ok,
}
