---
source: crates/docspec-docx-reader/tests/snapshots.rs
expression: from_reader_snapshot
---
ReaderFixtureSnapshot {
  events: [
    StartDocument { id: None, language: None, metadata: None },
    StartParagraph { alignment: None, id: None },
    EndParagraph,
    StartTable { id: None },
    StartTableRow { id: None },
    StartTableCell { colspan: None, id: None, rowspan: None },
    StartParagraph { alignment: None, id: None },
    Text { content: "A" },
    EndParagraph,
    EndTableCell,
    StartTableCell { colspan: None, id: None, rowspan: None },
    StartParagraph { alignment: None, id: None },
    StartTextStyle { kind: Bold, id: None },
    StartTextStyle { kind: TextColor(Rgb { b: 0, g: 0, r: 0 }), id: None },
    Text { content: "B" },
    EndTextStyle,
    EndTextStyle,
    EndParagraph,
    EndTableCell,
    StartTableCell { colspan: None, id: None, rowspan: None },
    StartParagraph { alignment: None, id: None },
    StartTextStyle { kind: Bold, id: None },
    StartTextStyle { kind: TextColor(Rgb { b: 0, g: 0, r: 0 }), id: None },
    Text { content: "C" },
    EndTextStyle,
    EndTextStyle,
    EndParagraph,
    EndTableCell,
    StartTableCell { colspan: None, id: None, rowspan: None },
    StartParagraph { alignment: None, id: None },
    StartTextStyle { kind: Bold, id: None },
    StartTextStyle { kind: TextColor(Rgb { b: 0, g: 0, r: 0 }), id: None },
    Text { content: "D" },
    EndTextStyle,
    EndTextStyle,
    EndParagraph,
    EndTableCell,
    StartTableCell { colspan: Some(3), id: None, rowspan: None },
    StartParagraph { alignment: None, id: None },
    Text { content: "E" },
    EndParagraph,
    EndTableCell,
    StartTableCell { colspan: None, id: None, rowspan: None },
    StartParagraph { alignment: None, id: None },
    Text { content: "F" },
    EndParagraph,
    EndTableCell,
    EndTableRow,
    StartTableRow { id: None },
    StartTableCell { colspan: None, id: None, rowspan: None },
    StartParagraph { alignment: None, id: None },
    EndParagraph,
    EndTableCell,
    StartTableCell { colspan: None, id: None, rowspan: None },
    StartParagraph { alignment: None, id: None },
    EndParagraph,
    EndTableCell,
    StartTableCell { colspan: None, id: None, rowspan: None },
    StartParagraph { alignment: None, id: None },
    EndParagraph,
    EndTableCell,
    StartTableCell { colspan: None, id: None, rowspan: None },
    StartParagraph { alignment: None, id: None },
    EndParagraph,
    EndTableCell,
    StartTableCell { colspan: None, id: None, rowspan: None },
    StartParagraph { alignment: None, id: None },
    StartTextStyle { kind: Bold, id: None },
    StartTextStyle { kind: TextColor(Rgb { b: 0, g: 0, r: 0 }), id: None },
    Text { content: "G" },
    EndTextStyle,
    EndTextStyle,
    EndParagraph,
    EndTableCell,
    StartTableCell { colspan: None, id: None, rowspan: None },
    StartParagraph { alignment: None, id: None },
    StartTextStyle { kind: Bold, id: None },
    StartTextStyle { kind: TextColor(Rgb { b: 0, g: 0, r: 0 }), id: None },
    Text { content: "H" },
    EndTextStyle,
    EndTextStyle,
    EndParagraph,
    EndTableCell,
    StartTableCell { colspan: None, id: None, rowspan: None },
    StartParagraph { alignment: None, id: None },
    StartTextStyle { kind: Bold, id: None },
    StartTextStyle { kind: TextColor(Rgb { b: 0, g: 0, r: 0 }), id: None },
    Text { content: "I" },
    EndTextStyle,
    EndTextStyle,
    EndParagraph,
    EndTableCell,
    StartTableCell { colspan: None, id: None, rowspan: None },
    StartParagraph { alignment: None, id: None },
    EndParagraph,
    EndTableCell,
    EndTableRow,
    StartTableRow { id: None },
    StartTableCell { colspan: None, id: None, rowspan: None },
    StartParagraph { alignment: Some(Left), id: None },
    StartTextStyle { kind: TextColor(Rgb { b: 0, g: 0, r: 0 }), id: None },
    Text { content: "1" },
    EndTextStyle,
    EndParagraph,
    EndTableCell,
    StartTableCell { colspan: None, id: None, rowspan: None },
    StartParagraph { alignment: None, id: None },
    StartTextStyle { kind: TextColor(Rgb { b: 0, g: 0, r: 0 }), id: None },
    Text { content: "2" },
    EndTextStyle,
    EndParagraph,
    EndTableCell,
    StartTableCell { colspan: None, id: None, rowspan: None },
    StartParagraph { alignment: None, id: None },
    StartTextStyle { kind: TextColor(Rgb { b: 0, g: 0, r: 0 }), id: None },
    Text { content: "3" },
    EndTextStyle,
    EndParagraph,
    EndTableCell,
    StartTableCell { colspan: None, id: None, rowspan: None },
    StartParagraph { alignment: None, id: None },
    StartTextStyle { kind: TextColor(Rgb { b: 0, g: 0, r: 0 }), id: None },
    Text { content: "4" },
    EndTextStyle,
    EndParagraph,
    EndTableCell,
    StartTableCell { colspan: None, id: None, rowspan: None },
    StartParagraph { alignment: None, id: None },
    StartTextStyle { kind: TextColor(Rgb { b: 0, g: 0, r: 0 }), id: None },
    Text { content: "5" },
    EndTextStyle,
    EndParagraph,
    EndTableCell,
    StartTableCell { colspan: None, id: None, rowspan: None },
    StartParagraph { alignment: None, id: None },
    StartTextStyle { kind: TextColor(Rgb { b: 0, g: 0, r: 0 }), id: None },
    Text { content: "6" },
    EndTextStyle,
    EndParagraph,
    EndTableCell,
    StartTableCell { colspan: None, id: None, rowspan: None },
    StartParagraph { alignment: None, id: None },
    StartTextStyle { kind: TextColor(Rgb { b: 0, g: 0, r: 0 }), id: None },
    Text { content: "7" },
    EndTextStyle,
    EndParagraph,
    EndTableCell,
    StartTableCell { colspan: None, id: None, rowspan: None },
    StartParagraph { alignment: None, id: None },
    StartTextStyle { kind: TextColor(Rgb { b: 0, g: 0, r: 0 }), id: None },
    Text { content: "8" },
    EndTextStyle,
    EndParagraph,
    EndTableCell,
    EndTableRow,
    StartTableRow { id: None },
    StartTableCell { colspan: None, id: None, rowspan: None },
    StartParagraph { alignment: Some(Left), id: None },
    StartTextStyle { kind: TextColor(Rgb { b: 0, g: 0, r: 0 }), id: None },
    Text { content: "1" },
    EndTextStyle,
    EndParagraph,
    EndTableCell,
    StartTableCell { colspan: None, id: None, rowspan: None },
    StartParagraph { alignment: None, id: None },
    StartTextStyle { kind: TextColor(Rgb { b: 0, g: 0, r: 0 }), id: None },
    Text { content: "2" },
    EndTextStyle,
    EndParagraph,
    EndTableCell,
    StartTableCell { colspan: None, id: None, rowspan: None },
    StartParagraph { alignment: None, id: None },
    StartTextStyle { kind: TextColor(Rgb { b: 0, g: 0, r: 0 }), id: None },
    Text { content: "3" },
    EndTextStyle,
    EndParagraph,
    EndTableCell,
    StartTableCell { colspan: None, id: None, rowspan: None },
    StartParagraph { alignment: None, id: None },
    StartTextStyle { kind: TextColor(Rgb { b: 0, g: 0, r: 0 }), id: None },
    Text { content: "4" },
    EndTextStyle,
    EndParagraph,
    EndTableCell,
    StartTableCell { colspan: None, id: None, rowspan: None },
    StartParagraph { alignment: None, id: None },
    StartTextStyle { kind: TextColor(Rgb { b: 0, g: 0, r: 0 }), id: None },
    Text { content: "5" },
    EndTextStyle,
    EndParagraph,
    EndTableCell,
    StartTableCell { colspan: None, id: None, rowspan: None },
    StartParagraph { alignment: None, id: None },
    StartTextStyle { kind: TextColor(Rgb { b: 0, g: 0, r: 0 }), id: None },
    Text { content: "6" },
    EndTextStyle,
    EndParagraph,
    EndTableCell,
    StartTableCell { colspan: None, id: None, rowspan: None },
    StartParagraph { alignment: None, id: None },
    StartTextStyle { kind: TextColor(Rgb { b: 0, g: 0, r: 0 }), id: None },
    Text { content: "7" },
    EndTextStyle,
    EndParagraph,
    EndTableCell,
    StartTableCell { colspan: None, id: None, rowspan: None },
    StartParagraph { alignment: None, id: None },
    StartTextStyle { kind: TextColor(Rgb { b: 0, g: 0, r: 0 }), id: None },
    Text { content: "8" },
    EndTextStyle,
    EndParagraph,
    EndTableCell,
    EndTableRow,
    StartTableRow { id: None },
    StartTableCell { colspan: None, id: None, rowspan: None },
    StartParagraph { alignment: Some(Left), id: None },
    StartTextStyle { kind: TextColor(Rgb { b: 0, g: 0, r: 0 }), id: None },
    Text { content: "1" },
    EndTextStyle,
    EndParagraph,
    EndTableCell,
    StartTableCell { colspan: None, id: None, rowspan: None },
    StartParagraph { alignment: None, id: None },
    StartTextStyle { kind: TextColor(Rgb { b: 0, g: 0, r: 0 }), id: None },
    Text { content: "2" },
    EndTextStyle,
    EndParagraph,
    EndTableCell,
    StartTableCell { colspan: None, id: None, rowspan: None },
    StartParagraph { alignment: None, id: None },
    StartTextStyle { kind: TextColor(Rgb { b: 0, g: 0, r: 0 }), id: None },
    Text { content: "3" },
    EndTextStyle,
    EndParagraph,
    EndTableCell,
    StartTableCell { colspan: None, id: None, rowspan: None },
    StartParagraph { alignment: None, id: None },
    StartTextStyle { kind: TextColor(Rgb { b: 0, g: 0, r: 0 }), id: None },
    Text { content: "4" },
    EndTextStyle,
    EndParagraph,
    EndTableCell,
    StartTableCell { colspan: None, id: None, rowspan: None },
    StartParagraph { alignment: None, id: None },
    StartTextStyle { kind: TextColor(Rgb { b: 0, g: 0, r: 0 }), id: None },
    Text { content: "5" },
    EndTextStyle,
    EndParagraph,
    EndTableCell,
    StartTableCell { colspan: None, id: None, rowspan: None },
    StartParagraph { alignment: None, id: None },
    StartTextStyle { kind: TextColor(Rgb { b: 0, g: 0, r: 0 }), id: None },
    Text { content: "6" },
    EndTextStyle,
    EndParagraph,
    EndTableCell,
    StartTableCell { colspan: None, id: None, rowspan: None },
    StartParagraph { alignment: None, id: None },
    StartTextStyle { kind: TextColor(Rgb { b: 0, g: 0, r: 0 }), id: None },
    Text { content: "7" },
    EndTextStyle,
    EndParagraph,
    EndTableCell,
    StartTableCell { colspan: None, id: None, rowspan: None },
    StartParagraph { alignment: None, id: None },
    StartTextStyle { kind: TextColor(Rgb { b: 0, g: 0, r: 0 }), id: None },
    Text { content: "8" },
    EndTextStyle,
    EndParagraph,
    EndTableCell,
    EndTableRow,
    StartTableRow { id: None },
    StartTableCell { colspan: None, id: None, rowspan: None },
    StartParagraph { alignment: Some(Left), id: None },
    StartTextStyle { kind: TextColor(Rgb { b: 0, g: 0, r: 0 }), id: None },
    Text { content: "1" },
    EndTextStyle,
    EndParagraph,
    EndTableCell,
    StartTableCell { colspan: None, id: None, rowspan: None },
    StartParagraph { alignment: None, id: None },
    StartTextStyle { kind: TextColor(Rgb { b: 0, g: 0, r: 0 }), id: None },
    Text { content: "2" },
    EndTextStyle,
    EndParagraph,
    EndTableCell,
    StartTableCell { colspan: None, id: None, rowspan: None },
    StartParagraph { alignment: None, id: None },
    StartTextStyle { kind: TextColor(Rgb { b: 0, g: 0, r: 0 }), id: None },
    Text { content: "3" },
    EndTextStyle,
    EndParagraph,
    EndTableCell,
    StartTableCell { colspan: None, id: None, rowspan: None },
    StartParagraph { alignment: None, id: None },
    StartTextStyle { kind: TextColor(Rgb { b: 0, g: 0, r: 0 }), id: None },
    Text { content: "4" },
    EndTextStyle,
    EndParagraph,
    EndTableCell,
    StartTableCell { colspan: None, id: None, rowspan: None },
    StartParagraph { alignment: None, id: None },
    StartTextStyle { kind: TextColor(Rgb { b: 0, g: 0, r: 0 }), id: None },
    Text { content: "5" },
    EndTextStyle,
    EndParagraph,
    EndTableCell,
    StartTableCell { colspan: None, id: None, rowspan: None },
    StartParagraph { alignment: None, id: None },
    StartTextStyle { kind: TextColor(Rgb { b: 0, g: 0, r: 0 }), id: None },
    Text { content: "6" },
    EndTextStyle,
    EndParagraph,
    EndTableCell,
    StartTableCell { colspan: None, id: None, rowspan: None },
    StartParagraph { alignment: None, id: None },
    StartTextStyle { kind: TextColor(Rgb { b: 0, g: 0, r: 0 }), id: None },
    Text { content: "7" },
    EndTextStyle,
    EndParagraph,
    EndTableCell,
    StartTableCell { colspan: None, id: None, rowspan: None },
    StartParagraph { alignment: None, id: None },
    StartTextStyle { kind: TextColor(Rgb { b: 0, g: 0, r: 0 }), id: None },
    Text { content: "8" },
    EndTextStyle,
    EndParagraph,
    EndTableCell,
    EndTableRow,
    StartTableRow { id: None },
    StartTableCell { colspan: None, id: None, rowspan: None },
    StartParagraph { alignment: Some(Left), id: None },
    StartTextStyle { kind: TextColor(Rgb { b: 0, g: 0, r: 0 }), id: None },
    Text { content: "1" },
    EndTextStyle,
    EndParagraph,
    EndTableCell,
    StartTableCell { colspan: None, id: None, rowspan: None },
    StartParagraph { alignment: None, id: None },
    StartTextStyle { kind: TextColor(Rgb { b: 0, g: 0, r: 0 }), id: None },
    Text { content: "2" },
    EndTextStyle,
    EndParagraph,
    EndTableCell,
    StartTableCell { colspan: None, id: None, rowspan: None },
    StartParagraph { alignment: None, id: None },
    StartTextStyle { kind: TextColor(Rgb { b: 0, g: 0, r: 0 }), id: None },
    Text { content: "3" },
    EndTextStyle,
    EndParagraph,
    EndTableCell,
    StartTableCell { colspan: None, id: None, rowspan: None },
    StartParagraph { alignment: None, id: None },
    StartTextStyle { kind: TextColor(Rgb { b: 0, g: 0, r: 0 }), id: None },
    Text { content: "4" },
    EndTextStyle,
    EndParagraph,
    EndTableCell,
    StartTableCell { colspan: None, id: None, rowspan: None },
    StartParagraph { alignment: None, id: None },
    StartTextStyle { kind: TextColor(Rgb { b: 0, g: 0, r: 0 }), id: None },
    Text { content: "5" },
    EndTextStyle,
    EndParagraph,
    EndTableCell,
    StartTableCell { colspan: None, id: None, rowspan: None },
    StartParagraph { alignment: None, id: None },
    StartTextStyle { kind: TextColor(Rgb { b: 0, g: 0, r: 0 }), id: None },
    Text { content: "6" },
    EndTextStyle,
    EndParagraph,
    EndTableCell,
    StartTableCell { colspan: None, id: None, rowspan: None },
    StartParagraph { alignment: None, id: None },
    StartTextStyle { kind: TextColor(Rgb { b: 0, g: 0, r: 0 }), id: None },
    Text { content: "7" },
    EndTextStyle,
    EndParagraph,
    EndTableCell,
    StartTableCell { colspan: None, id: None, rowspan: None },
    StartParagraph { alignment: None, id: None },
    StartTextStyle { kind: TextColor(Rgb { b: 0, g: 0, r: 0 }), id: None },
    Text { content: "8" },
    EndTextStyle,
    EndParagraph,
    EndTableCell,
    EndTableRow,
    StartTableRow { id: None },
    StartTableCell { colspan: None, id: None, rowspan: None },
    StartParagraph { alignment: Some(Left), id: None },
    StartTextStyle { kind: TextColor(Rgb { b: 0, g: 0, r: 0 }), id: None },
    Text { content: "1" },
    EndTextStyle,
    EndParagraph,
    EndTableCell,
    StartTableCell { colspan: None, id: None, rowspan: None },
    StartParagraph { alignment: None, id: None },
    StartTextStyle { kind: TextColor(Rgb { b: 0, g: 0, r: 0 }), id: None },
    Text { content: "2" },
    EndTextStyle,
    EndParagraph,
    EndTableCell,
    StartTableCell { colspan: None, id: None, rowspan: None },
    StartParagraph { alignment: None, id: None },
    StartTextStyle { kind: TextColor(Rgb { b: 0, g: 0, r: 0 }), id: None },
    Text { content: "3" },
    EndTextStyle,
    EndParagraph,
    EndTableCell,
    StartTableCell { colspan: None, id: None, rowspan: None },
    StartParagraph { alignment: None, id: None },
    StartTextStyle { kind: TextColor(Rgb { b: 0, g: 0, r: 0 }), id: None },
    Text { content: "4" },
    EndTextStyle,
    EndParagraph,
    EndTableCell,
    StartTableCell { colspan: None, id: None, rowspan: None },
    StartParagraph { alignment: None, id: None },
    StartTextStyle { kind: TextColor(Rgb { b: 0, g: 0, r: 0 }), id: None },
    Text { content: "5" },
    EndTextStyle,
    EndParagraph,
    EndTableCell,
    StartTableCell { colspan: None, id: None, rowspan: None },
    StartParagraph { alignment: None, id: None },
    StartTextStyle { kind: TextColor(Rgb { b: 0, g: 0, r: 0 }), id: None },
    Text { content: "6" },
    EndTextStyle,
    EndParagraph,
    EndTableCell,
    StartTableCell { colspan: None, id: None, rowspan: None },
    StartParagraph { alignment: None, id: None },
    StartTextStyle { kind: TextColor(Rgb { b: 0, g: 0, r: 0 }), id: None },
    Text { content: "7" },
    EndTextStyle,
    EndParagraph,
    EndTableCell,
    StartTableCell { colspan: None, id: None, rowspan: None },
    StartParagraph { alignment: None, id: None },
    StartTextStyle { kind: TextColor(Rgb { b: 0, g: 0, r: 0 }), id: None },
    Text { content: "8" },
    EndTextStyle,
    EndParagraph,
    EndTableCell,
    EndTableRow,
    StartTableRow { id: None },
    StartTableCell { colspan: None, id: None, rowspan: None },
    StartParagraph { alignment: Some(Left), id: None },
    StartTextStyle { kind: TextColor(Rgb { b: 0, g: 0, r: 0 }), id: None },
    Text { content: "1" },
    EndTextStyle,
    EndParagraph,
    EndTableCell,
    StartTableCell { colspan: None, id: None, rowspan: None },
    StartParagraph { alignment: None, id: None },
    StartTextStyle { kind: TextColor(Rgb { b: 0, g: 0, r: 0 }), id: None },
    Text { content: "2" },
    EndTextStyle,
    EndParagraph,
    EndTableCell,
    StartTableCell { colspan: None, id: None, rowspan: None },
    StartParagraph { alignment: None, id: None },
    StartTextStyle { kind: TextColor(Rgb { b: 0, g: 0, r: 0 }), id: None },
    Text { content: "3" },
    EndTextStyle,
    EndParagraph,
    EndTableCell,
    StartTableCell { colspan: None, id: None, rowspan: None },
    StartParagraph { alignment: None, id: None },
    StartTextStyle { kind: TextColor(Rgb { b: 0, g: 0, r: 0 }), id: None },
    Text { content: "4" },
    EndTextStyle,
    EndParagraph,
    EndTableCell,
    StartTableCell { colspan: None, id: None, rowspan: None },
    StartParagraph { alignment: None, id: None },
    StartTextStyle { kind: TextColor(Rgb { b: 0, g: 0, r: 0 }), id: None },
    Text { content: "5" },
    EndTextStyle,
    EndParagraph,
    EndTableCell,
    StartTableCell { colspan: None, id: None, rowspan: None },
    StartParagraph { alignment: None, id: None },
    StartTextStyle { kind: TextColor(Rgb { b: 0, g: 0, r: 0 }), id: None },
    Text { content: "6" },
    EndTextStyle,
    EndParagraph,
    EndTableCell,
    StartTableCell { colspan: None, id: None, rowspan: None },
    StartParagraph { alignment: None, id: None },
    StartTextStyle { kind: TextColor(Rgb { b: 0, g: 0, r: 0 }), id: None },
    Text { content: "7" },
    EndTextStyle,
    EndParagraph,
    EndTableCell,
    StartTableCell { colspan: None, id: None, rowspan: None },
    StartParagraph { alignment: None, id: None },
    StartTextStyle { kind: TextColor(Rgb { b: 0, g: 0, r: 0 }), id: None },
    Text { content: "8" },
    EndTextStyle,
    EndParagraph,
    EndTableCell,
    EndTableRow,
    StartTableRow { id: None },
    StartTableCell { colspan: None, id: None, rowspan: None },
    StartParagraph { alignment: Some(Left), id: None },
    StartTextStyle { kind: TextColor(Rgb { b: 0, g: 0, r: 0 }), id: None },
    Text { content: "1" },
    EndTextStyle,
    EndParagraph,
    EndTableCell,
    StartTableCell { colspan: None, id: None, rowspan: None },
    StartParagraph { alignment: None, id: None },
    StartTextStyle { kind: TextColor(Rgb { b: 0, g: 0, r: 0 }), id: None },
    Text { content: "2" },
    EndTextStyle,
    EndParagraph,
    EndTableCell,
    StartTableCell { colspan: None, id: None, rowspan: None },
    StartParagraph { alignment: None, id: None },
    StartTextStyle { kind: TextColor(Rgb { b: 0, g: 0, r: 0 }), id: None },
    Text { content: "3" },
    EndTextStyle,
    EndParagraph,
    EndTableCell,
    StartTableCell { colspan: None, id: None, rowspan: None },
    StartParagraph { alignment: None, id: None },
    StartTextStyle { kind: TextColor(Rgb { b: 0, g: 0, r: 0 }), id: None },
    Text { content: "4" },
    EndTextStyle,
    EndParagraph,
    EndTableCell,
    StartTableCell { colspan: None, id: None, rowspan: None },
    StartParagraph { alignment: None, id: None },
    StartTextStyle { kind: TextColor(Rgb { b: 0, g: 0, r: 0 }), id: None },
    Text { content: "5" },
    EndTextStyle,
    EndParagraph,
    EndTableCell,
    StartTableCell { colspan: None, id: None, rowspan: None },
    StartParagraph { alignment: None, id: None },
    StartTextStyle { kind: TextColor(Rgb { b: 0, g: 0, r: 0 }), id: None },
    Text { content: "6" },
    EndTextStyle,
    EndParagraph,
    EndTableCell,
    StartTableCell { colspan: None, id: None, rowspan: None },
    StartParagraph { alignment: None, id: None },
    StartTextStyle { kind: TextColor(Rgb { b: 0, g: 0, r: 0 }), id: None },
    Text { content: "7" },
    EndTextStyle,
    EndParagraph,
    EndTableCell,
    StartTableCell { colspan: None, id: None, rowspan: None },
    StartParagraph { alignment: None, id: None },
    StartTextStyle { kind: TextColor(Rgb { b: 0, g: 0, r: 0 }), id: None },
    Text { content: "8" },
    EndTextStyle,
    EndParagraph,
    EndTableCell,
    EndTableRow,
    StartTableRow { id: None },
    StartTableCell { colspan: None, id: None, rowspan: None },
    StartParagraph { alignment: Some(Left), id: None },
    StartTextStyle { kind: TextColor(Rgb { b: 0, g: 0, r: 0 }), id: None },
    Text { content: "1" },
    EndTextStyle,
    EndParagraph,
    EndTableCell,
    StartTableCell { colspan: None, id: None, rowspan: None },
    StartParagraph { alignment: None, id: None },
    StartTextStyle { kind: TextColor(Rgb { b: 0, g: 0, r: 0 }), id: None },
    Text { content: "2" },
    EndTextStyle,
    EndParagraph,
    EndTableCell,
    StartTableCell { colspan: None, id: None, rowspan: None },
    StartParagraph { alignment: None, id: None },
    StartTextStyle { kind: TextColor(Rgb { b: 0, g: 0, r: 0 }), id: None },
    Text { content: "3" },
    EndTextStyle,
    EndParagraph,
    EndTableCell,
    StartTableCell { colspan: None, id: None, rowspan: None },
    StartParagraph { alignment: None, id: None },
    StartTextStyle { kind: TextColor(Rgb { b: 0, g: 0, r: 0 }), id: None },
    Text { content: "4" },
    EndTextStyle,
    EndParagraph,
    EndTableCell,
    StartTableCell { colspan: None, id: None, rowspan: None },
    StartParagraph { alignment: None, id: None },
    StartTextStyle { kind: TextColor(Rgb { b: 0, g: 0, r: 0 }), id: None },
    Text { content: "5" },
    EndTextStyle,
    EndParagraph,
    EndTableCell,
    StartTableCell { colspan: None, id: None, rowspan: None },
    StartParagraph { alignment: None, id: None },
    StartTextStyle { kind: TextColor(Rgb { b: 0, g: 0, r: 0 }), id: None },
    Text { content: "6" },
    EndTextStyle,
    EndParagraph,
    EndTableCell,
    StartTableCell { colspan: None, id: None, rowspan: None },
    StartParagraph { alignment: None, id: None },
    StartTextStyle { kind: TextColor(Rgb { b: 0, g: 0, r: 0 }), id: None },
    Text { content: "7" },
    EndTextStyle,
    EndParagraph,
    EndTableCell,
    StartTableCell { colspan: None, id: None, rowspan: None },
    StartParagraph { alignment: None, id: None },
    StartTextStyle { kind: TextColor(Rgb { b: 0, g: 0, r: 0 }), id: None },
    Text { content: "8" },
    EndTextStyle,
    EndParagraph,
    EndTableCell,
    EndTableRow,
    EndTable,
    StartParagraph { alignment: None, id: None },
    EndParagraph,
    StartParagraph { alignment: None, id: None },
    EndParagraph,
    EndDocument,
  ],
  terminal: Ok,
}
