---
source: crates/docspec-docx-reader/tests/pandoc_corpus.rs
expression: snapshot
---
ReaderFixtureSnapshot {
  events: [
       0: StartDocument { id: None, language: None, metadata: None }
       1: StartParagraph { alignment: None, id: None }
       2: StartTextStyle { kind: Bold, id: None }
       3: Text { content: "Foo bar.            " }
       4: EndTextStyle
       5: EndParagraph
       6: StartParagraph { alignment: None, id: None }
       7: EndParagraph
       8: StartParagraph { alignment: None, id: None }
       9: Text { content: "Fizz pop." }
      10: EndParagraph
      11: EndDocument
  ],
  terminal: Ok,
}
