---
source: crates/docspec-docx-reader/tests/snapshots.rs
expression: from_reader_snapshot
---
ReaderFixtureSnapshot {
  events: [
    StartDocument { id: None, language: None, metadata: None },
    StartParagraph { alignment: None, id: None },
    Text { content: "simple-text" },
    EndParagraph,
    StartParagraph { alignment: None, id: None },
    EndParagraph,
    StartParagraph { alignment: None, id: None },
    Text { content: "rich" },
    Text { content: "-text-content-" },
    Text { content: "control" },
    EndParagraph,
    EndDocument,
  ],
  terminal: Ok,
}
