---
source: crates/docspec-docx-reader/tests/snapshots.rs
expression: from_reader_snapshot
---
ReaderFixtureSnapshot {
  events: [
    StartDocument { id: None, language: None, metadata: None },
    StartParagraph { alignment: None, id: None },
    Text { content: "Here is the " },
    Text { content: "pdf" },
    Text { content: " file:" },
    EndParagraph,
    StartParagraph { alignment: None, id: None },
    EndParagraph,
    StartParagraph { alignment: None, id: None },
    EndParagraph,
    StartParagraph { alignment: None, id: None },
    Text { content: "Bye " },
    Text { content: "Bye" },
    EndParagraph,
    StartParagraph { alignment: None, id: None },
    EndParagraph,
    StartParagraph { alignment: None, id: None },
    EndParagraph,
    StartParagraph { alignment: None, id: None },
    EndParagraph,
    StartParagraph { alignment: None, id: None },
    Text { content: "Bye for real." },
    EndParagraph,
    EndDocument,
  ],
  terminal: Ok,
}
