---
source: crates/docspec-docx-reader/tests/snapshots.rs
expression: from_reader_snapshot
---
ReaderFixtureSnapshot {
  events: [
    StartDocument { id: None, language: None, metadata: None },
    StartParagraph { alignment: None, id: None },
    Text { content: "Objective" },
    EndParagraph,
    StartParagraph { alignment: None, id: None },
    Text { content: "Getting the perfect job might be challenging, " },
    Text { content: "but a great-looking résumé doesn’t have to be! We’ve provided a few quick tips to help you get started. To replace any tip text with your own, just click it and start typing." },
    EndParagraph,
    StartParagraph { alignment: None, id: None },
    Text { content: "Need another experience or education entry? You got it. Just click in the sample " },
    Text { content: "entries below and then click the plus sign that appears. Looking for a matching cover letter? All you had to do was ask! On the Insert tab, click Cover Page." },
    EndParagraph,
    StartParagraph { alignment: None, id: None },
    Text { content: "Experience" },
    EndParagraph,
    StartParagraph { alignment: None, id: None },
    Text { content: "[Dates From - To]" },
    EndParagraph,
    StartParagraph { alignment: None, id: None },
    Text { content: "Metallica" },
    EndParagraph,
    StartParagraph { alignment: None, id: None },
    Text { content: "Guitarist" },
    EndParagraph,
    StartParagraph { alignment: None, id: None },
    Text { content: "Slept with one eye open gripping my pillow tight" },
    EndParagraph,
    StartParagraph { alignment: None, id: None },
    Text { content: "E" },
    Text { content: "ducation" },
    EndParagraph,
    StartParagraph { alignment: None, id: None },
    Text { content: "[Dates From - To]" },
    EndParagraph,
    StartParagraph { alignment: None, id: None },
    Text { content: "[School Name, Location]" },
    EndParagraph,
    StartParagraph { alignment: None, id: None },
    Text { content: "[Degree]" },
    EndParagraph,
    StartParagraph { alignment: None, id: None },
    Text { content: "Click here to enter text." },
    EndParagraph,
    StartParagraph { alignment: None, id: None },
    Text { content: "Click here to enter text" },
    EndParagraph,
    StartParagraph { alignment: None, id: None },
    Text { content: "References" },
    EndParagraph,
    StartParagraph { alignment: None, id: None },
    Text { content: "References are available upon request." },
    EndParagraph,
    EndDocument,
  ],
  terminal: Ok,
}
