---
source: crates/docspec-docx-reader/tests/snapshots.rs
expression: from_reader_snapshot
---
ReaderFixtureSnapshot {
  events: [
       0: StartDocument { id: None, language: None, metadata: None }
       1: StartPreformatted { id: None, syntax: None }
       2: Text { content: "Here is the " }
       3: Text { content: "pdf" }
       4: Text { content: " file:" }
       5: LineBreak
       6: LineBreak
       7: LineBreak
       8: Text { content: "Bye " }
       9: Text { content: "Bye" }
      10: LineBreak
      11: LineBreak
      12: LineBreak
      13: LineBreak
      14: Text { content: "Bye for real." }
      15: EndPreformatted
      16: EndDocument
  ],
  terminal: Ok,
}
