---
source: crates/docspec-docx-reader/tests/snapshots.rs
expression: from_reader_snapshot
---
ReaderFixtureSnapshot {
  events: [
    StartDocument { id: None, language: None, metadata: None },
    StartParagraph { alignment: None, id: None },
    EndParagraph,
    StartParagraph { alignment: None, id: None },
    EndParagraph,
    StartParagraph { alignment: None, id: None },
    Text { content: "This is a " },
    Image { alt: Some("C:\\Users\\tallison\\AppData\\Local\\Microsoft\\Windows\\INetCache\\Content.Word\\body_pic.jpg"), decorative: false, id: None, title: None, asset: AssetDescriptor { asset_id: "zip://word/media/image1.jpeg", content_type: "image/jpeg", bytes: 7686, sha256: "643dbb91a62b47947d320a588aa9d837640cc9baf3fe00010c9fe52b3fef8a1a" } },
    Text { content: "paragraph with an image" },
    EndParagraph,
    StartParagraph { alignment: None, id: None },
    EndParagraph,
    StartParagraph { alignment: None, id: None },
    Text { content: "This is " },
    Text { content: "a comment" },
    EndParagraph,
    StartParagraph { alignment: None, id: None },
    Text { content: "This is a footnote" },
    EndParagraph,
    StartParagraph { alignment: None, id: None },
    Text { content: "This is an endnote" },
    EndParagraph,
    StartParagraph { alignment: None, id: None },
    EndParagraph,
    StartParagraph { alignment: None, id: None },
    Text { content: "This is a " },
    Image { alt: Some("C:\\Users\\tallison\\AppData\\Local\\Microsoft\\Windows\\INetCache\\Content.Word\\sdt_pic.jpg"), decorative: false, id: None, title: None, asset: AssetDescriptor { asset_id: "zip://word/media/image1.jpeg", content_type: "image/jpeg", bytes: 7686, sha256: "643dbb91a62b47947d320a588aa9d837640cc9baf3fe00010c9fe52b3fef8a1a" } },
    Text { content: "rich text " },
    Text { content: "sdt" },
    EndParagraph,
    StartParagraph { alignment: None, id: None },
    EndParagraph,
    StartParagraph { alignment: None, id: None },
    Image { alt: None, decorative: false, id: None, title: None, asset: AssetDescriptor { asset_id: "zip://word/media/image1.jpeg", content_type: "image/jpeg", bytes: 7686, sha256: "643dbb91a62b47947d320a588aa9d837640cc9baf3fe00010c9fe52b3fef8a1a" } },
    EndParagraph,
    StartParagraph { alignment: None, id: None },
    EndParagraph,
    StartParagraph { alignment: None, id: None },
    EndParagraph,
    StartParagraph { alignment: None, id: None },
    EndParagraph,
    StartParagraph { alignment: None, id: None },
    EndParagraph,
    StartParagraph { alignment: None, id: None },
    EndParagraph,
    StartParagraph { alignment: None, id: None },
    EndParagraph,
    StartParagraph { alignment: None, id: None },
    EndParagraph,
    StartTable { id: None },
    StartTableRow { id: None },
    StartTableCell { colspan: None, id: None, rowspan: None },
    StartParagraph { alignment: None, id: None },
    EndParagraph,
    EndTableCell,
    StartTableCell { colspan: None, id: None, rowspan: None },
    StartParagraph { alignment: None, id: None },
    EndParagraph,
    EndTableCell,
    StartTableCell { colspan: None, id: None, rowspan: None },
    StartParagraph { alignment: None, id: None },
    EndParagraph,
    EndTableCell,
    StartTableCell { colspan: None, id: None, rowspan: None },
    StartParagraph { alignment: None, id: None },
    EndParagraph,
    EndTableCell,
    EndTableRow,
    StartTableRow { id: None },
    StartTableCell { colspan: None, id: None, rowspan: None },
    StartParagraph { alignment: None, id: None },
    EndParagraph,
    EndTableCell,
    StartTableCell { colspan: None, id: None, rowspan: None },
    StartTable { id: None },
    StartTableRow { id: None },
    StartTableCell { colspan: None, id: None, rowspan: None },
    StartParagraph { alignment: None, id: None },
    EndParagraph,
    EndTableCell,
    StartTableCell { colspan: None, id: None, rowspan: None },
    StartParagraph { alignment: None, id: None },
    EndParagraph,
    EndTableCell,
    StartTableCell { colspan: None, id: None, rowspan: None },
    StartParagraph { alignment: None, id: None },
    EndParagraph,
    EndTableCell,
    StartTableCell { colspan: None, id: None, rowspan: None },
    StartParagraph { alignment: None, id: None },
    EndParagraph,
    EndTableCell,
    StartTableCell { colspan: None, id: None, rowspan: None },
    StartParagraph { alignment: None, id: None },
    EndParagraph,
    EndTableCell,
    EndTableRow,
    StartTableRow { id: None },
    StartTableCell { colspan: None, id: None, rowspan: None },
    StartParagraph { alignment: None, id: None },
    EndParagraph,
    EndTableCell,
    StartTableCell { colspan: None, id: None, rowspan: None },
    StartParagraph { alignment: None, id: None },
    EndParagraph,
    EndTableCell,
    StartTableCell { colspan: None, id: None, rowspan: None },
    StartParagraph { alignment: None, id: None },
    EndParagraph,
    EndTableCell,
    StartTableCell { colspan: None, id: None, rowspan: None },
    StartParagraph { alignment: None, id: None },
    EndParagraph,
    EndTableCell,
    StartTableCell { colspan: None, id: None, rowspan: None },
    StartParagraph { alignment: None, id: None },
    EndParagraph,
    EndTableCell,
    EndTableRow,
    StartTableRow { id: None },
    StartTableCell { colspan: None, id: None, rowspan: None },
    StartParagraph { alignment: None, id: None },
    EndParagraph,
    EndTableCell,
    StartTableCell { colspan: None, id: None, rowspan: None },
    StartTable { id: None },
    StartTableRow { id: None },
    StartTableCell { colspan: None, id: None, rowspan: None },
    StartParagraph { alignment: None, id: None },
    EndParagraph,
    EndTableCell,
    StartTableCell { colspan: None, id: None, rowspan: None },
    StartParagraph { alignment: None, id: None },
    EndParagraph,
    EndTableCell,
    StartTableCell { colspan: None, id: None, rowspan: None },
    StartParagraph { alignment: None, id: None },
    EndParagraph,
    EndTableCell,
    StartTableCell { colspan: None, id: None, rowspan: None },
    StartParagraph { alignment: None, id: None },
    EndParagraph,
    EndTableCell,
    StartTableCell { colspan: None, id: None, rowspan: None },
    StartParagraph { alignment: None, id: None },
    EndParagraph,
    EndTableCell,
    EndTableRow,
    StartTableRow { id: None },
    StartTableCell { colspan: None, id: None, rowspan: None },
    StartParagraph { alignment: None, id: None },
    EndParagraph,
    EndTableCell,
    StartTableCell { colspan: None, id: None, rowspan: None },
    StartParagraph { alignment: None, id: None },
    Text { content: "Deeply embedded" },
    Image { alt: Some("deeply_embedded_pic"), decorative: false, id: None, title: None, asset: AssetDescriptor { asset_id: "zip://word/media/image2.jpeg", content_type: "image/jpeg", bytes: 7686, sha256: "643dbb91a62b47947d320a588aa9d837640cc9baf3fe00010c9fe52b3fef8a1a" } },
    EndParagraph,
    EndTableCell,
    StartTableCell { colspan: None, id: None, rowspan: None },
    StartParagraph { alignment: None, id: None },
    EndParagraph,
    EndTableCell,
    StartTableCell { colspan: None, id: None, rowspan: None },
    StartParagraph { alignment: None, id: None },
    EndParagraph,
    EndTableCell,
    StartTableCell { colspan: None, id: None, rowspan: None },
    StartParagraph { alignment: None, id: None },
    EndParagraph,
    EndTableCell,
    EndTableRow,
    StartTableRow { id: None },
    StartTableCell { colspan: None, id: None, rowspan: None },
    StartParagraph { alignment: None, id: None },
    EndParagraph,
    EndTableCell,
    StartTableCell { colspan: None, id: None, rowspan: None },
    StartParagraph { alignment: None, id: None },
    EndParagraph,
    EndTableCell,
    StartTableCell { colspan: None, id: None, rowspan: None },
    StartParagraph { alignment: None, id: None },
    EndParagraph,
    EndTableCell,
    StartTableCell { colspan: None, id: None, rowspan: None },
    StartParagraph { alignment: None, id: None },
    EndParagraph,
    EndTableCell,
    StartTableCell { colspan: None, id: None, rowspan: None },
    StartParagraph { alignment: None, id: None },
    EndParagraph,
    EndTableCell,
    EndTableRow,
    StartTableRow { id: None },
    StartTableCell { colspan: None, id: None, rowspan: None },
    StartParagraph { alignment: None, id: None },
    EndParagraph,
    EndTableCell,
    StartTableCell { colspan: None, id: None, rowspan: None },
    StartParagraph { alignment: None, id: None },
    EndParagraph,
    EndTableCell,
    StartTableCell { colspan: None, id: None, rowspan: None },
    StartParagraph { alignment: None, id: None },
    EndParagraph,
    EndTableCell,
    StartTableCell { colspan: None, id: None, rowspan: None },
    StartParagraph { alignment: None, id: None },
    EndParagraph,
    EndTableCell,
    StartTableCell { colspan: None, id: None, rowspan: None },
    StartParagraph { alignment: None, id: None },
    EndParagraph,
    EndTableCell,
    EndTableRow,
    StartTableRow { id: None },
    StartTableCell { colspan: None, id: None, rowspan: None },
    StartParagraph { alignment: None, id: None },
    EndParagraph,
    EndTableCell,
    StartTableCell { colspan: None, id: None, rowspan: None },
    StartParagraph { alignment: None, id: None },
    EndParagraph,
    EndTableCell,
    StartTableCell { colspan: None, id: None, rowspan: None },
    StartParagraph { alignment: None, id: None },
    EndParagraph,
    EndTableCell,
    StartTableCell { colspan: None, id: None, rowspan: None },
    StartParagraph { alignment: None, id: None },
    EndParagraph,
    EndTableCell,
    StartTableCell { colspan: None, id: None, rowspan: None },
    StartParagraph { alignment: None, id: None },
    EndParagraph,
    EndTableCell,
    EndTableRow,
    EndTable,
    StartParagraph { alignment: None, id: None },
    EndParagraph,
    EndTableCell,
    StartTableCell { colspan: None, id: None, rowspan: None },
    StartParagraph { alignment: None, id: None },
    EndParagraph,
    EndTableCell,
    StartTableCell { colspan: None, id: None, rowspan: None },
    StartParagraph { alignment: None, id: None },
    EndParagraph,
    EndTableCell,
    StartTableCell { colspan: None, id: None, rowspan: None },
    StartParagraph { alignment: None, id: None },
    EndParagraph,
    EndTableCell,
    EndTableRow,
    StartTableRow { id: None },
    StartTableCell { colspan: None, id: None, rowspan: None },
    StartParagraph { alignment: None, id: None },
    EndParagraph,
    EndTableCell,
    StartTableCell { colspan: None, id: None, rowspan: None },
    StartParagraph { alignment: None, id: None },
    EndParagraph,
    EndTableCell,
    StartTableCell { colspan: None, id: None, rowspan: None },
    StartParagraph { alignment: None, id: None },
    EndParagraph,
    EndTableCell,
    StartTableCell { colspan: None, id: None, rowspan: None },
    StartParagraph { alignment: None, id: None },
    EndParagraph,
    EndTableCell,
    StartTableCell { colspan: None, id: None, rowspan: None },
    StartParagraph { alignment: None, id: None },
    EndParagraph,
    EndTableCell,
    EndTableRow,
    StartTableRow { id: None },
    StartTableCell { colspan: None, id: None, rowspan: None },
    StartParagraph { alignment: None, id: None },
    EndParagraph,
    EndTableCell,
    StartTableCell { colspan: None, id: None, rowspan: None },
    StartParagraph { alignment: None, id: None },
    EndParagraph,
    EndTableCell,
    StartTableCell { colspan: None, id: None, rowspan: None },
    StartParagraph { alignment: None, id: None },
    EndParagraph,
    EndTableCell,
    StartTableCell { colspan: None, id: None, rowspan: None },
    StartParagraph { alignment: None, id: None },
    EndParagraph,
    EndTableCell,
    StartTableCell { colspan: None, id: None, rowspan: None },
    StartParagraph { alignment: None, id: None },
    EndParagraph,
    EndTableCell,
    EndTableRow,
    EndTable,
    StartParagraph { alignment: None, id: None },
    EndParagraph,
    EndTableCell,
    StartTableCell { colspan: None, id: None, rowspan: None },
    StartParagraph { alignment: None, id: None },
    EndParagraph,
    EndTableCell,
    StartTableCell { colspan: None, id: None, rowspan: None },
    StartParagraph { alignment: None, id: None },
    EndParagraph,
    EndTableCell,
    EndTableRow,
    StartTableRow { id: None },
    StartTableCell { colspan: None, id: None, rowspan: None },
    StartParagraph { alignment: None, id: None },
    EndParagraph,
    EndTableCell,
    StartTableCell { colspan: None, id: None, rowspan: None },
    StartParagraph { alignment: None, id: None },
    EndParagraph,
    EndTableCell,
    StartTableCell { colspan: None, id: None, rowspan: None },
    StartParagraph { alignment: None, id: None },
    EndParagraph,
    EndTableCell,
    StartTableCell { colspan: None, id: None, rowspan: None },
    StartParagraph { alignment: None, id: None },
    EndParagraph,
    EndTableCell,
    EndTableRow,
    EndTable,
    StartParagraph { alignment: None, id: None },
    EndParagraph,
    StartParagraph { alignment: None, id: None },
    EndParagraph,
    StartParagraph { alignment: None, id: None },
    EndParagraph,
    StartParagraph { alignment: None, id: None },
    EndParagraph,
    StartParagraph { alignment: None, id: None },
    EndParagraph,
    StartParagraph { alignment: None, id: None },
    EndParagraph,
    StartParagraph { alignment: None, id: None },
    EndParagraph,
    StartParagraph { alignment: None, id: None },
    EndParagraph,
    StartParagraph { alignment: None, id: None },
    EndParagraph,
    StartParagraph { alignment: None, id: None },
    EndParagraph,
    StartParagraph { alignment: None, id: None },
    EndParagraph,
    StartParagraph { alignment: None, id: None },
    EndParagraph,
    StartParagraph { alignment: None, id: None },
    EndParagraph,
    StartParagraph { alignment: None, id: None },
    EndParagraph,
    StartParagraph { alignment: None, id: None },
    EndParagraph,
    StartParagraph { alignment: None, id: None },
    EndParagraph,
    StartParagraph { alignment: None, id: None },
    EndParagraph,
    StartParagraph { alignment: None, id: None },
    EndParagraph,
    StartParagraph { alignment: None, id: None },
    EndParagraph,
    StartParagraph { alignment: None, id: None },
    EndParagraph,
    StartParagraph { alignment: None, id: None },
    EndParagraph,
    StartParagraph { alignment: None, id: None },
    EndParagraph,
    StartParagraph { alignment: None, id: None },
    EndParagraph,
    StartParagraph { alignment: None, id: None },
    EndParagraph,
    StartParagraph { alignment: None, id: None },
    EndParagraph,
    StartParagraph { alignment: None, id: None },
    EndParagraph,
    StartParagraph { alignment: None, id: None },
    EndParagraph,
    StartParagraph { alignment: None, id: None },
    EndParagraph,
    StartParagraph { alignment: None, id: None },
    EndParagraph,
    StartParagraph { alignment: None, id: None },
    EndParagraph,
    StartParagraph { alignment: None, id: None },
    EndParagraph,
    StartParagraph { alignment: None, id: None },
    EndParagraph,
    StartParagraph { alignment: None, id: None },
    EndParagraph,
    StartParagraph { alignment: None, id: None },
    EndParagraph,
    StartParagraph { alignment: None, id: None },
    EndParagraph,
    StartParagraph { alignment: None, id: None },
    EndParagraph,
    StartParagraph { alignment: None, id: None },
    EndParagraph,
    StartParagraph { alignment: None, id: None },
    EndParagraph,
    StartParagraph { alignment: None, id: None },
    EndParagraph,
    StartParagraph { alignment: None, id: None },
    EndParagraph,
    StartParagraph { alignment: None, id: None },
    EndParagraph,
    StartParagraph { alignment: None, id: None },
    EndParagraph,
    StartParagraph { alignment: None, id: None },
    EndParagraph,
    StartParagraph { alignment: None, id: None },
    EndParagraph,
    EndDocument,
  ],
  terminal: Ok,
}
