---
source: crates/docspec-docx-reader/tests/snapshots.rs
expression: from_reader_snapshot
---
ReaderFixtureSnapshot {
  events: [
       0: StartDocument { id: None, language: None, metadata: None }
       1: StartParagraph { alignment: None, id: None }
       2: Text { content: "optional" }
       3: Text { content: "hyphen" }
       4: EndParagraph
       5: EndDocument
  ],
  terminal: Ok,
}
