---
source: crates/docspec-docx-reader/tests/snapshots.rs
expression: from_reader_snapshot
---
ReaderFixtureSnapshot {
  events: [
    StartDocument { id: None, language: None, metadata: None },
    StartOrderedListItem { id: Some("1"), level: 0, start: Some(1), style_type: Decimal },
    StartParagraph { alignment: None, id: None },
    Text { content: "This" },
    EndParagraph,
    StartOrderedListItem { id: Some("1"), level: 1, start: None, style_type: LowerAlpha },
    StartParagraph { alignment: None, id: None },
    Text { content: "Is" },
    EndParagraph,
    StartOrderedListItem { id: Some("1"), level: 2, start: None, style_type: LowerRoman },
    StartParagraph { alignment: None, id: None },
    Text { content: "A multi" },
    EndParagraph,
    EndOrderedListItem,
    StartOrderedListItem { id: Some("1"), level: 2, start: None, style_type: LowerRoman },
    StartParagraph { alignment: None, id: None },
    Text { content: "Level" },
    EndParagraph,
    EndOrderedListItem,
    EndOrderedListItem,
    EndOrderedListItem,
    StartTable { id: None },
    StartTableRow { id: None },
    StartTableCell { colspan: None, id: None, rowspan: None },
    StartParagraph { alignment: None, id: None },
    Text { content: "Intervening" },
    Text { content: " table" },
    EndParagraph,
    EndTableCell,
    StartTableCell { colspan: None, id: None, rowspan: None },
    StartOrderedListItem { id: Some("3"), level: 0, start: Some(1), style_type: Decimal },
    StartParagraph { alignment: None, id: None },
    Text { content: "Within cell 1" },
    EndParagraph,
    StartOrderedListItem { id: Some("3"), level: 1, start: None, style_type: LowerAlpha },
    StartParagraph { alignment: None, id: None },
    Text { content: "Cell a" },
    EndParagraph,
    EndOrderedListItem,
    StartOrderedListItem { id: Some("3"), level: 1, start: None, style_type: LowerAlpha },
    StartParagraph { alignment: None, id: None },
    Text { content: "Cell b" },
    EndParagraph,
    EndOrderedListItem,
    EndOrderedListItem,
    EndTableCell,
    StartTableCell { colspan: None, id: None, rowspan: None },
    StartParagraph { alignment: None, id: None },
    EndParagraph,
    EndTableCell,
    StartTableCell { colspan: None, id: None, rowspan: None },
    StartParagraph { alignment: None, id: None },
    EndParagraph,
    EndTableCell,
    EndTableRow,
    StartTableRow { id: None },
    StartTableCell { colspan: None, id: None, rowspan: None },
    StartParagraph { alignment: None, id: None },
    EndParagraph,
    EndTableCell,
    StartTableCell { colspan: None, id: None, rowspan: None },
    StartParagraph { alignment: None, id: None },
    EndParagraph,
    EndTableCell,
    StartTableCell { colspan: None, id: None, rowspan: None },
    StartParagraph { alignment: None, id: None },
    EndParagraph,
    EndTableCell,
    StartTableCell { colspan: None, id: None, rowspan: None },
    StartParagraph { alignment: None, id: None },
    EndParagraph,
    EndTableCell,
    EndTableRow,
    StartTableRow { id: None },
    StartTableCell { colspan: None, id: None, rowspan: None },
    StartParagraph { alignment: None, id: None },
    EndParagraph,
    EndTableCell,
    StartTableCell { colspan: None, id: None, rowspan: None },
    StartParagraph { alignment: None, id: None },
    EndParagraph,
    EndTableCell,
    StartTableCell { colspan: None, id: None, rowspan: None },
    StartParagraph { alignment: None, id: None },
    EndParagraph,
    EndTableCell,
    StartTableCell { colspan: None, id: None, rowspan: None },
    StartParagraph { alignment: None, id: None },
    EndParagraph,
    EndTableCell,
    EndTableRow,
    EndTable,
    StartParagraph { alignment: None, id: None },
    EndParagraph,
    StartOrderedListItem { id: Some("1"), level: 0, start: None, style_type: Decimal },
    StartOrderedListItem { id: Some("1"), level: 1, start: None, style_type: Decimal },
    StartOrderedListItem { id: Some("1"), level: 2, start: None, style_type: LowerRoman },
    StartParagraph { alignment: None, id: None },
    Text { content: "List" },
    EndParagraph,
    EndOrderedListItem,
    EndOrderedListItem,
    EndOrderedListItem,
    StartOrderedListItem { id: Some("1"), level: 0, start: None, style_type: Decimal },
    StartParagraph { alignment: None, id: None },
    Text { content: "foo" },
    EndParagraph,
    StartOrderedListItem { id: Some("1"), level: 1, start: None, style_type: Decimal },
    StartOrderedListItem { id: Some("1"), level: 2, start: None, style_type: LowerRoman },
    StartParagraph { alignment: None, id: None },
    Text { content: "bar" },
    EndParagraph,
    EndOrderedListItem,
    StartOrderedListItem { id: Some("1"), level: 2, start: None, style_type: LowerRoman },
    StartParagraph { alignment: None, id: None },
    Text { content: "baz" },
    EndParagraph,
    StartParagraph { alignment: None, id: None },
    EndParagraph,
    StartParagraph { alignment: None, id: None },
    Text { content: "This is another list" },
    EndParagraph,
    EndOrderedListItem,
    EndOrderedListItem,
    EndOrderedListItem,
    StartOrderedListItem { id: Some("2"), level: 0, start: Some(1), style_type: UpperRoman },
    StartParagraph { alignment: None, id: None },
    Text { content: "yet" },
    EndParagraph,
    StartOrderedListItem { id: Some("2"), level: 1, start: None, style_type: LowerAlpha },
    StartParagraph { alignment: None, id: None },
    Text { content: "another" },
    EndParagraph,
    StartOrderedListItem { id: Some("2"), level: 2, start: None, style_type: LowerRoman },
    StartParagraph { alignment: None, id: None },
    Text { content: "list" },
    EndParagraph,
    StartParagraph { alignment: None, id: None },
    EndParagraph,
    StartParagraph { alignment: None, id: None },
    EndParagraph,
    StartParagraph { alignment: None, id: None },
    Text { content: "Intervening paragraph" },
    EndParagraph,
    StartParagraph { alignment: None, id: None },
    EndParagraph,
    EndOrderedListItem,
    StartOrderedListItem { id: Some("2"), level: 2, start: None, style_type: LowerRoman },
    StartParagraph { alignment: None, id: None },
    Text { content: "foo" },
    EndParagraph,
    EndOrderedListItem,
    EndOrderedListItem,
    EndOrderedListItem,
    StartOrderedListItem { id: Some("2"), level: 0, start: None, style_type: UpperRoman },
    StartParagraph { alignment: None, id: None },
    Text { content: "bar" },
    EndParagraph,
    StartOrderedListItem { id: Some("2"), level: 1, start: None, style_type: LowerAlpha },
    StartParagraph { alignment: None, id: None },
    Text { content: "baz" },
    EndParagraph,
    StartOrderedListItem { id: Some("2"), level: 2, start: None, style_type: Decimal },
    StartOrderedListItem { id: Some("2"), level: 3, start: None, style_type: Decimal },
    StartParagraph { alignment: None, id: None },
    Text { content: "baq" },
    EndParagraph,
    StartParagraph { alignment: None, id: None },
    EndParagraph,
    StartParagraph { alignment: None, id: None },
    EndParagraph,
    StartParagraph { alignment: None, id: None },
    EndParagraph,
    StartParagraph { alignment: None, id: None },
    Text { content: "This is a new list that starts at 6" },
    Text { content: ", with a custom change of b. -> e." },
    EndParagraph,
    EndOrderedListItem,
    EndOrderedListItem,
    EndOrderedListItem,
    EndOrderedListItem,
    StartOrderedListItem { id: Some("5"), level: 0, start: Some(1), style_type: Decimal },
    StartParagraph { alignment: None, id: None },
    Text { content: "six" },
    EndParagraph,
    EndOrderedListItem,
    StartOrderedListItem { id: Some("5"), level: 0, start: None, style_type: Decimal },
    StartParagraph { alignment: None, id: None },
    Text { content: "seven" },
    EndParagraph,
    StartOrderedListItem { id: Some("5"), level: 1, start: None, style_type: LowerAlpha },
    StartParagraph { alignment: None, id: None },
    Text { content: "seven a" },
    EndParagraph,
    EndOrderedListItem,
    EndOrderedListItem,
    StartOrderedListItem { id: Some("6"), level: 0, start: Some(1), style_type: LowerAlpha },
    StartParagraph { alignment: None, id: None },
    Text { content: "seven e" },
    EndParagraph,
    EndOrderedListItem,
    StartOrderedListItem { id: Some("6"), level: 0, start: None, style_type: LowerAlpha },
    StartParagraph { alignment: None, id: None },
    Text { content: "seven f" },
    EndParagraph,
    StartParagraph { alignment: None, id: None },
    EndParagraph,
    StartParagraph { alignment: None, id: None },
    EndParagraph,
    StartParagraph { alignment: None, id: None },
    EndParagraph,
    StartParagraph { alignment: None, id: None },
    EndParagraph,
    StartParagraph { alignment: None, id: None },
    EndParagraph,
    StartParagraph { alignment: None, id: None },
    EndParagraph,
    StartParagraph { alignment: None, id: None },
    EndParagraph,
    StartParagraph { alignment: None, id: None },
    EndParagraph,
    StartParagraph { alignment: None, id: None },
    EndParagraph,
    StartParagraph { alignment: None, id: None },
    EndParagraph,
    StartParagraph { alignment: None, id: None },
    EndParagraph,
    StartParagraph { alignment: None, id: None },
    EndParagraph,
    StartParagraph { alignment: None, id: None },
    EndParagraph,
    StartParagraph { alignment: None, id: None },
    Text { content: "How about a list over a section break" },
    EndParagraph,
    EndOrderedListItem,
    StartOrderedListItem { id: Some("10"), level: 0, start: Some(1), style_type: Decimal },
    StartParagraph { alignment: None, id: None },
    Text { content: "list 1" },
    EndParagraph,
    EndOrderedListItem,
    StartOrderedListItem { id: Some("10"), level: 0, start: None, style_type: Decimal },
    StartParagraph { alignment: None, id: None },
    Text { content: "list 2" },
    EndParagraph,
    StartParagraph { alignment: None, id: None },
    StartTextStyle { kind: Mark(Rgb { b: 192, g: 192, r: 192 }), id: None },
    LineBreak,
    EndTextStyle,
    EndParagraph,
    StartParagraph { alignment: None, id: None },
    EndParagraph,
    StartParagraph { alignment: None, id: None },
    StartTextStyle { kind: Mark(Rgb { b: 192, g: 192, r: 192 }), id: None },
    Text { content: "Finally" },
    EndTextStyle,
    StartTextStyle { kind: Mark(Rgb { b: 192, g: 192, r: 192 }), id: None },
    Text { content: " some missing items" },
    EndTextStyle,
    EndParagraph,
    EndOrderedListItem,
    StartOrderedListItem { id: Some("11"), level: 0, start: Some(1), style_type: UpperAlpha },
    StartParagraph { alignment: None, id: None },
    StartTextStyle { kind: Mark(Rgb { b: 192, g: 192, r: 192 }), id: None },
    Text { content: "A" },
    EndTextStyle,
    EndParagraph,
    StartOrderedListItem { id: Some("11"), level: 1, start: None, style_type: Decimal },
    StartOrderedListItem { id: Some("11"), level: 2, start: None, style_type: LowerRoman },
    StartParagraph { alignment: None, id: None },
    StartTextStyle { kind: Mark(Rgb { b: 192, g: 192, r: 192 }), id: None },
    Text { content: "A i" },
    EndTextStyle,
    EndParagraph,
    EndOrderedListItem,
    StartOrderedListItem { id: Some("11"), level: 2, start: None, style_type: LowerRoman },
    StartParagraph { alignment: None, id: None },
    StartTextStyle { kind: Mark(Rgb { b: 192, g: 192, r: 192 }), id: None },
    Text { content: "A ii" },
    EndTextStyle,
    EndParagraph,
    StartOrderedListItem { id: Some("11"), level: 3, start: None, style_type: Decimal },
    StartOrderedListItem { id: Some("11"), level: 4, start: None, style_type: LowerAlpha },
    StartParagraph { alignment: None, id: None },
    StartTextStyle { kind: Mark(Rgb { b: 192, g: 192, r: 192 }), id: None },
    Text { content: "A ii a" },
    EndTextStyle,
    EndParagraph,
    EndOrderedListItem,
    StartOrderedListItem { id: Some("11"), level: 4, start: None, style_type: LowerAlpha },
    StartParagraph { alignment: None, id: None },
    StartTextStyle { kind: Mark(Rgb { b: 192, g: 192, r: 192 }), id: None },
    Text { content: "A ii b" },
    EndTextStyle,
    EndParagraph,
    EndOrderedListItem,
    EndOrderedListItem,
    StartOrderedListItem { id: Some("11"), level: 3, start: None, style_type: Decimal },
    StartParagraph { alignment: None, id: None },
    StartTextStyle { kind: Mark(Rgb { b: 192, g: 192, r: 192 }), id: None },
    Text { content: "A ii 2" },
    EndTextStyle,
    EndParagraph,
    StartParagraph { alignment: None, id: None },
    EndParagraph,
    EndOrderedListItem,
    EndOrderedListItem,
    EndOrderedListItem,
    EndOrderedListItem,
    StartOrderedListItem { id: Some("10"), level: 0, start: None, style_type: Decimal },
    StartParagraph { alignment: None, id: None },
    Text { content: "page break " },
    Text { content: "list 3" },
    EndParagraph,
    StartParagraph { alignment: None, id: None },
    EndParagraph,
    StartParagraph { alignment: None, id: None },
    EndParagraph,
    EndOrderedListItem,
    StartOrderedListItem { id: Some("12"), level: 0, start: Some(1), style_type: Decimal },
    StartParagraph { alignment: None, id: None },
    Text { content: "Greek numbering with crazy format - alpha" },
    EndParagraph,
    EndOrderedListItem,
    StartOrderedListItem { id: Some("12"), level: 0, start: None, style_type: Decimal },
    StartParagraph { alignment: None, id: None },
    Text { content: "Greek numbering with crazy format - beta" },
    EndParagraph,
    StartParagraph { alignment: None, id: None },
    EndParagraph,
    StartParagraph { alignment: None, id: None },
    EndParagraph,
    StartParagraph { alignment: None, id: None },
    EndParagraph,
    StartParagraph { alignment: None, id: None },
    EndParagraph,
    EndOrderedListItem,
    StartOrderedListItem { id: Some("13"), level: 0, start: Some(1), style_type: Decimal },
    StartParagraph { alignment: None, id: None },
    Text { content: "1" },
    EndParagraph,
    StartOrderedListItem { id: Some("13"), level: 1, start: None, style_type: Decimal },
    StartOrderedListItem { id: Some("13"), level: 2, start: None, style_type: Decimal },
    StartParagraph { alignment: None, id: None },
    Text { content: "1.1.1" },
    EndParagraph,
    EndOrderedListItem,
    EndOrderedListItem,
    StartOrderedListItem { id: Some("14"), level: 1, start: Some(1), style_type: Decimal },
    StartParagraph { alignment: None, id: None },
    Text { content: "1.2" },
    Text { content: "->1.1" },
    Text { content: "  //set the value to 1 and “start new list”" },
    EndParagraph,
    EndOrderedListItem,
    StartOrderedListItem { id: Some("14"), level: 1, start: None, style_type: Decimal },
    StartParagraph { alignment: None, id: None },
    Text { content: "1.3" },
    Text { content: " -> 1.2" },
    EndParagraph,
    EndOrderedListItem,
    EndOrderedListItem,
    StartOrderedListItem { id: Some("14"), level: 0, start: None, style_type: Decimal },
    StartParagraph { alignment: None, id: None },
    Text { content: "2." },
    EndParagraph,
    StartOrderedListItem { id: Some("14"), level: 1, start: None, style_type: Decimal },
    StartParagraph { alignment: None, id: None },
    Text { content: "2.1" },
    EndParagraph,
    StartParagraph { alignment: None, id: None },
    EndParagraph,
    EndOrderedListItem,
    EndOrderedListItem,
    EndDocument,
  ],
  terminal: Ok,
}
