---
source: crates/docspec-docx-reader/tests/snapshots.rs
expression: from_reader_snapshot
---
ReaderFixtureSnapshot {
  events: [
    StartDocument { id: None, language: None, metadata: None },
    StartParagraph { alignment: None, id: None },
    Text { content: "F" },
    StartTextStyle { kind: Bold, id: None },
    Text { content: "oo" },
    EndTextStyle,
    StartTextStyle { kind: Bold, id: None },
    Text { content: "b" },
    EndTextStyle,
    Text { content: "a" },
    StartTextStyle { kind: Bold, id: None },
    Text { content: "r" },
    EndTextStyle,
    EndParagraph,
    EndDocument,
  ],
  terminal: Ok,
}
